Archive member included to satisfy reference by file (symbol)

/home/tetesting/st/stm32cubeide_1.5.0/plugins/com.st.stm32cube.ide.mcu.externaltools.gnu-tools-for-stm32.7-2018-q2-update.linux64_1.5.0.202011040924/tools/bin/../lib/gcc/arm-none-eabi/7.3.1/../../../../arm-none-eabi/lib/thumb/v7e-m/fpv4-sp/hard/libstdc++.a(del_opv.o)
                              Src/JPEGDecoder.o (operator delete[](void*))
/home/tetesting/st/stm32cubeide_1.5.0/plugins/com.st.stm32cube.ide.mcu.externaltools.gnu-tools-for-stm32.7-2018-q2-update.linux64_1.5.0.202011040924/tools/bin/../lib/gcc/arm-none-eabi/7.3.1/../../../../arm-none-eabi/lib/thumb/v7e-m/fpv4-sp/hard/libstdc++.a(new_opv.o)
                              Src/JPEGDecoder.o (operator new[](unsigned int))
/home/tetesting/st/stm32cubeide_1.5.0/plugins/com.st.stm32cube.ide.mcu.externaltools.gnu-tools-for-stm32.7-2018-q2-update.linux64_1.5.0.202011040924/tools/bin/../lib/gcc/arm-none-eabi/7.3.1/../../../../arm-none-eabi/lib/thumb/v7e-m/fpv4-sp/hard/libstdc++.a(new_op.o)
                              /home/tetesting/st/stm32cubeide_1.5.0/plugins/com.st.stm32cube.ide.mcu.externaltools.gnu-tools-for-stm32.7-2018-q2-update.linux64_1.5.0.202011040924/tools/bin/../lib/gcc/arm-none-eabi/7.3.1/../../../../arm-none-eabi/lib/thumb/v7e-m/fpv4-sp/hard/libstdc++.a(new_opv.o) (operator new(unsigned int))
/home/tetesting/st/stm32cubeide_1.5.0/plugins/com.st.stm32cube.ide.mcu.externaltools.gnu-tools-for-stm32.7-2018-q2-update.linux64_1.5.0.202011040924/tools/bin/../lib/gcc/arm-none-eabi/7.3.1/../../../../arm-none-eabi/lib/thumb/v7e-m/fpv4-sp/hard/libstdc++.a(new_handler.o)
                              /home/tetesting/st/stm32cubeide_1.5.0/plugins/com.st.stm32cube.ide.mcu.externaltools.gnu-tools-for-stm32.7-2018-q2-update.linux64_1.5.0.202011040924/tools/bin/../lib/gcc/arm-none-eabi/7.3.1/../../../../arm-none-eabi/lib/thumb/v7e-m/fpv4-sp/hard/libstdc++.a(new_op.o) (std::get_new_handler())
/home/tetesting/st/stm32cubeide_1.5.0/plugins/com.st.stm32cube.ide.mcu.externaltools.gnu-tools-for-stm32.7-2018-q2-update.linux64_1.5.0.202011040924/tools/bin/../lib/gcc/arm-none-eabi/7.3.1/../../../../arm-none-eabi/lib/thumb/v7e-m/fpv4-sp/hard/libstdc++.a(del_op.o)
                              /home/tetesting/st/stm32cubeide_1.5.0/plugins/com.st.stm32cube.ide.mcu.externaltools.gnu-tools-for-stm32.7-2018-q2-update.linux64_1.5.0.202011040924/tools/bin/../lib/gcc/arm-none-eabi/7.3.1/../../../../arm-none-eabi/lib/thumb/v7e-m/fpv4-sp/hard/libstdc++.a(del_opv.o) (operator delete(void*))
/home/tetesting/st/stm32cubeide_1.5.0/plugins/com.st.stm32cube.ide.mcu.externaltools.gnu-tools-for-stm32.7-2018-q2-update.linux64_1.5.0.202011040924/tools/bin/../lib/gcc/arm-none-eabi/7.3.1/../../../../arm-none-eabi/lib/thumb/v7e-m/fpv4-sp/hard/libstdc++.a(eh_alloc.o)
                              /home/tetesting/st/stm32cubeide_1.5.0/plugins/com.st.stm32cube.ide.mcu.externaltools.gnu-tools-for-stm32.7-2018-q2-update.linux64_1.5.0.202011040924/tools/bin/../lib/gcc/arm-none-eabi/7.3.1/../../../../arm-none-eabi/lib/thumb/v7e-m/fpv4-sp/hard/libstdc++.a(new_op.o) (__cxa_allocate_exception)
/home/tetesting/st/stm32cubeide_1.5.0/plugins/com.st.stm32cube.ide.mcu.externaltools.gnu-tools-for-stm32.7-2018-q2-update.linux64_1.5.0.202011040924/tools/bin/../lib/gcc/arm-none-eabi/7.3.1/../../../../arm-none-eabi/lib/thumb/v7e-m/fpv4-sp/hard/libstdc++.a(bad_alloc.o)
                              /home/tetesting/st/stm32cubeide_1.5.0/plugins/com.st.stm32cube.ide.mcu.externaltools.gnu-tools-for-stm32.7-2018-q2-update.linux64_1.5.0.202011040924/tools/bin/../lib/gcc/arm-none-eabi/7.3.1/../../../../arm-none-eabi/lib/thumb/v7e-m/fpv4-sp/hard/libstdc++.a(new_op.o) (std::bad_alloc::~bad_alloc())
/home/tetesting/st/stm32cubeide_1.5.0/plugins/com.st.stm32cube.ide.mcu.externaltools.gnu-tools-for-stm32.7-2018-q2-update.linux64_1.5.0.202011040924/tools/bin/../lib/gcc/arm-none-eabi/7.3.1/../../../../arm-none-eabi/lib/thumb/v7e-m/fpv4-sp/hard/libstdc++.a(del_ops.o)
                              /home/tetesting/st/stm32cubeide_1.5.0/plugins/com.st.stm32cube.ide.mcu.externaltools.gnu-tools-for-stm32.7-2018-q2-update.linux64_1.5.0.202011040924/tools/bin/../lib/gcc/arm-none-eabi/7.3.1/../../../../arm-none-eabi/lib/thumb/v7e-m/fpv4-sp/hard/libstdc++.a(bad_alloc.o) (operator delete(void*, unsigned int))
/home/tetesting/st/stm32cubeide_1.5.0/plugins/com.st.stm32cube.ide.mcu.externaltools.gnu-tools-for-stm32.7-2018-q2-update.linux64_1.5.0.202011040924/tools/bin/../lib/gcc/arm-none-eabi/7.3.1/../../../../arm-none-eabi/lib/thumb/v7e-m/fpv4-sp/hard/libstdc++.a(eh_throw.o)
                              /home/tetesting/st/stm32cubeide_1.5.0/plugins/com.st.stm32cube.ide.mcu.externaltools.gnu-tools-for-stm32.7-2018-q2-update.linux64_1.5.0.202011040924/tools/bin/../lib/gcc/arm-none-eabi/7.3.1/../../../../arm-none-eabi/lib/thumb/v7e-m/fpv4-sp/hard/libstdc++.a(new_op.o) (__cxa_throw)
[...]
Memory Configuration

Name             Origin             Length             Attributes
RAM              0x0000000020000000 0x0000000000050000 xrw
FLASH            0x0000000008000000 0x0000000000100000 xr
DTCMRAM          0x0000000000000000 0xffffffffffffffff
*default*        0x0000000000000000 0xffffffffffffffff

Linker script and memory map

LOAD /home/tetesting/st/stm32cubeide_1.5.0/plugins/com.st.stm32cube.ide.mcu.externaltools.gnu-tools-for-stm32.7-2018-q2-update.linux64_1.5.0.202011040924/tools/bin/../lib/gcc/arm-none-eabi/7.3.1/thumb/v7e-m/fpv4-sp/hard/crti.o
LOAD /home/tetesting/st/stm32cubeide_1.5.0/plugins/com.st.stm32cube.ide.mcu.externaltools.gnu-tools-for-stm32.7-2018-q2-update.linux64_1.5.0.202011040924/tools/bin/../lib/gcc/arm-none-eabi/7.3.1/thumb/v7e-m/fpv4-sp/hard/crtbegin.o
LOAD /home/tetesting/st/stm32cubeide_1.5.0/plugins/com.st.stm32cube.ide.mcu.externaltools.gnu-tools-for-stm32.7-2018-q2-update.linux64_1.5.0.202011040924/tools/bin/../lib/gcc/arm-none-eabi/7.3.1/../../../../arm-none-eabi/lib/thumb/v7e-m/fpv4-sp/hard/crt0.o
LOAD Drivers/BSP/Components/exc7200/exc7200.o
LOAD Drivers/BSP/Components/ft5336/ft5336.o
LOAD Drivers/BSP/Components/mfxstm32l152/mfxstm32l152.o
LOAD Drivers/BSP/Components/ov9655/ov9655.o
LOAD Drivers/BSP/Components/s5k5cag/s5k5cag.o
LOAD Drivers/BSP/Components/stmpe811/stmpe811.o
LOAD Drivers/BSP/Components/ts3510/ts3510.o
LOAD Drivers/BSP/Components/wm8994/wm8994.o
LOAD Drivers/BSP/STM32746G-Discovery/stm32746g_discovery.o
LOAD Drivers/BSP/STM32746G-Discovery/stm32746g_discovery_audio.o
LOAD Drivers/BSP/STM32746G-Discovery/stm32746g_discovery_eeprom.o
LOAD Drivers/BSP/STM32746G-Discovery/stm32746g_discovery_lcd.o
LOAD Drivers/BSP/STM32746G-Discovery/stm32746g_discovery_qspi.o
LOAD Drivers/BSP/STM32746G-Discovery/stm32746g_discovery_sd.o
LOAD Drivers/BSP/STM32746G-Discovery/stm32746g_discovery_sdram.o
LOAD Drivers/BSP/STM32746G-Discovery/stm32746g_discovery_ts.o
LOAD Drivers/STM32F7xx_HAL_Driver/Src/stm32f7xx_hal.o
LOAD Drivers/STM32F7xx_HAL_Driver/Src/stm32f7xx_hal_adc.o
LOAD Drivers/STM32F7xx_HAL_Driver/Src/stm32f7xx_hal_adc_ex.o
LOAD Drivers/STM32F7xx_HAL_Driver/Src/stm32f7xx_hal_cortex.o
LOAD Drivers/STM32F7xx_HAL_Driver/Src/stm32f7xx_hal_dcmi.o
LOAD Drivers/STM32F7xx_HAL_Driver/Src/stm32f7xx_hal_dcmi_ex.o
LOAD Drivers/STM32F7xx_HAL_Driver/Src/stm32f7xx_hal_dma.o
LOAD Drivers/STM32F7xx_HAL_Driver/Src/stm32f7xx_hal_dma2d.o
LOAD Drivers/STM32F7xx_HAL_Driver/Src/stm32f7xx_hal_dma_ex.o
LOAD Drivers/STM32F7xx_HAL_Driver/Src/stm32f7xx_hal_dsi.o
LOAD Drivers/STM32F7xx_HAL_Driver/Src/stm32f7xx_hal_flash.o
LOAD Drivers/STM32F7xx_HAL_Driver/Src/stm32f7xx_hal_flash_ex.o
LOAD Drivers/STM32F7xx_HAL_Driver/Src/stm32f7xx_hal_gpio.o
LOAD Drivers/STM32F7xx_HAL_Driver/Src/stm32f7xx_hal_i2c.o
LOAD Drivers/STM32F7xx_HAL_Driver/Src/stm32f7xx_hal_i2c_ex.o
LOAD Drivers/STM32F7xx_HAL_Driver/Src/stm32f7xx_hal_ltdc.o
LOAD Drivers/STM32F7xx_HAL_Driver/Src/stm32f7xx_hal_ltdc_ex.o
LOAD Drivers/STM32F7xx_HAL_Driver/Src/stm32f7xx_hal_pwr.o
LOAD Drivers/STM32F7xx_HAL_Driver/Src/stm32f7xx_hal_pwr_ex.o
LOAD Drivers/STM32F7xx_HAL_Driver/Src/stm32f7xx_hal_qspi.o
LOAD Drivers/STM32F7xx_HAL_Driver/Src/stm32f7xx_hal_rcc.o
LOAD Drivers/STM32F7xx_HAL_Driver/Src/stm32f7xx_hal_rcc_ex.o
LOAD Drivers/STM32F7xx_HAL_Driver/Src/stm32f7xx_hal_rtc.o
LOAD Drivers/STM32F7xx_HAL_Driver/Src/stm32f7xx_hal_rtc_ex.o
LOAD Drivers/STM32F7xx_HAL_Driver/Src/stm32f7xx_hal_sai.o
LOAD Drivers/STM32F7xx_HAL_Driver/Src/stm32f7xx_hal_sai_ex.o
LOAD Drivers/STM32F7xx_HAL_Driver/Src/stm32f7xx_hal_sd.o
LOAD Drivers/STM32F7xx_HAL_Driver/Src/stm32f7xx_hal_sdram.o
LOAD Drivers/STM32F7xx_HAL_Driver/Src/stm32f7xx_hal_spi.o
LOAD Drivers/STM32F7xx_HAL_Driver/Src/stm32f7xx_hal_tim.o
LOAD Drivers/STM32F7xx_HAL_Driver/Src/stm32f7xx_hal_tim_ex.o
LOAD Drivers/STM32F7xx_HAL_Driver/Src/stm32f7xx_hal_uart.o
LOAD Drivers/STM32F7xx_HAL_Driver/Src/stm32f7xx_ll_fmc.o
LOAD Drivers/STM32F7xx_HAL_Driver/Src/stm32f7xx_ll_sdmmc.o
LOAD Src/JPEGDecoder.o
LOAD Src/camera.o
LOAD Src/camera_i2c.o
LOAD Src/camera_spi.o
LOAD Src/lcd.o
LOAD Src/main.o
LOAD Src/picojpeg.o
LOAD Src/startup_stm32f746xx.o
LOAD Src/stm32f7xx_hal_msp.o
LOAD Src/stm32f7xx_it.o
LOAD Src/system_stm32f7xx.o
LOAD Src/TinyEngine/codegen/Source/depthwise_kernel3x3_stride1_inplace_CHW_fpreq.o
LOAD Src/TinyEngine/codegen/Source/depthwise_kernel3x3_stride1_inplace_CHW_fpreq_bitmask.o
LOAD Src/TinyEngine/codegen/Source/depthwise_kernel3x3_stride1_inplace_CHW_fpreq_mask.o
LOAD Src/TinyEngine/codegen/Source/depthwise_kernel3x3_stride2_inplace_CHW_fpreq.o
LOAD Src/TinyEngine/codegen/Source/depthwise_kernel3x3_stride2_inplace_CHW_fpreq_bitmask.o
LOAD Src/TinyEngine/codegen/Source/depthwise_kernel3x3_stride2_inplace_CHW_fpreq_mask.o
LOAD Src/TinyEngine/codegen/Source/depthwise_kernel5x5_stride1_inplace_CHW_fpreq.o
LOAD Src/TinyEngine/codegen/Source/depthwise_kernel5x5_stride1_inplace_CHW_fpreq_bitmask.o
LOAD Src/TinyEngine/codegen/Source/depthwise_kernel5x5_stride1_inplace_CHW_fpreq_mask.o
LOAD Src/TinyEngine/codegen/Source/depthwise_kernel7x7_stride1_inplace_CHW_fpreq.o
LOAD Src/TinyEngine/codegen/Source/depthwise_kernel7x7_stride1_inplace_CHW_fpreq_bitmask.o
LOAD Src/TinyEngine/codegen/Source/depthwise_kernel7x7_stride1_inplace_CHW_fpreq_mask.o
LOAD Src/TinyEngine/codegen/Source/depthwise_kernel7x7_stride2_inplace_CHW_fpreq.o
LOAD Src/TinyEngine/codegen/Source/depthwise_kernel7x7_stride2_inplace_CHW_fpreq_bitmask.o
LOAD Src/TinyEngine/codegen/Source/depthwise_kernel7x7_stride2_inplace_CHW_fpreq_mask.o
LOAD Src/TinyEngine/codegen/Source/genModel.o
LOAD Src/TinyEngine/src/kernels/fp_backward_op/add_fp.o
LOAD Src/TinyEngine/src/kernels/fp_backward_op/div_fp.o
LOAD Src/TinyEngine/src/kernels/fp_backward_op/group_conv_fp_kernel4_stride1_pad0.o
LOAD Src/TinyEngine/src/kernels/fp_backward_op/group_conv_fp_kernel8_stride1_pad0.o
LOAD Src/TinyEngine/src/kernels/fp_backward_op/group_pointwise_conv_fp.o
LOAD Src/TinyEngine/src/kernels/fp_backward_op/less_fp.o
LOAD Src/TinyEngine/src/kernels/fp_backward_op/log_softmax_fp.o
LOAD Src/TinyEngine/src/kernels/fp_backward_op/mul_fp.o
LOAD Src/TinyEngine/src/kernels/fp_backward_op/negative_fp.o
LOAD Src/TinyEngine/src/kernels/fp_backward_op/nll_loss_fp.o
LOAD Src/TinyEngine/src/kernels/fp_backward_op/pointwise_conv_fp.o
LOAD Src/TinyEngine/src/kernels/fp_backward_op/strided_slice_3Dto3D_fp.o
LOAD Src/TinyEngine/src/kernels/fp_backward_op/strided_slice_4Dto4D_fp.o
LOAD Src/TinyEngine/src/kernels/fp_backward_op/sub_fp.o
LOAD Src/TinyEngine/src/kernels/fp_backward_op/sum_2D_fp.o
LOAD Src/TinyEngine/src/kernels/fp_backward_op/sum_3D_fp.o
LOAD Src/TinyEngine/src/kernels/fp_backward_op/sum_4D_exclude_fp.o
LOAD Src/TinyEngine/src/kernels/fp_backward_op/transpose_depthwise_conv_fp_kernel3_stride1_inpad1_outpad0.o
LOAD Src/TinyEngine/src/kernels/fp_backward_op/transpose_depthwise_conv_fp_kernel3_stride2_inpad1_outpad1.o
LOAD Src/TinyEngine/src/kernels/fp_backward_op/transpose_depthwise_conv_fp_kernel5_stride1_inpad2_outpad0.o
LOAD Src/TinyEngine/src/kernels/fp_backward_op/transpose_depthwise_conv_fp_kernel5_stride2_inpad2_outpad1.o
LOAD Src/TinyEngine/src/kernels/fp_backward_op/transpose_depthwise_conv_fp_kernel7_stride1_inpad3_outpad0.o
LOAD Src/TinyEngine/src/kernels/fp_backward_op/transpose_depthwise_conv_fp_kernel7_stride2_inpad3_outpad1.o
LOAD Src/TinyEngine/src/kernels/fp_backward_op/tte_exp_fp.o
LOAD Src/TinyEngine/src/kernels/fp_backward_op/where_fp.o
LOAD Src/TinyEngine/src/kernels/fp_requantize_op/add_fpreq.o
LOAD Src/TinyEngine/src/kernels/fp_requantize_op/convolve_1x1_s8_ch16_fpreq.o
LOAD Src/TinyEngine/src/kernels/fp_requantize_op/convolve_1x1_s8_ch24_fpreq.o
LOAD Src/TinyEngine/src/kernels/fp_requantize_op/convolve_1x1_s8_ch48_fpreq.o
LOAD Src/TinyEngine/src/kernels/fp_requantize_op/convolve_1x1_s8_ch8_fpreq.o
LOAD Src/TinyEngine/src/kernels/fp_requantize_op/convolve_1x1_s8_fpreq.o
LOAD Src/TinyEngine/src/kernels/fp_requantize_op/convolve_1x1_s8_fpreq_mask.o
LOAD Src/TinyEngine/src/kernels/fp_requantize_op/convolve_1x1_s8_fpreq_mask_partialCH.o
LOAD Src/TinyEngine/src/kernels/fp_requantize_op/convolve_s8_kernel3_inputch3_stride2_pad1_fpreq.o
LOAD Src/TinyEngine/src/kernels/fp_requantize_op/mat_mul_kernels_fpreq.o
LOAD Src/TinyEngine/src/kernels/int_forward_op/add.o
LOAD Src/TinyEngine/src/kernels/int_forward_op/arm_convolve_s8_4col.o
LOAD Src/TinyEngine/src/kernels/int_forward_op/arm_nn_mat_mult_kernel3_input3_s8_s16.o
LOAD Src/TinyEngine/src/kernels/int_forward_op/arm_nn_mat_mult_kernel_s8_s16_reordered_8mul.o
LOAD Src/TinyEngine/src/kernels/int_forward_op/arm_nn_mat_mult_kernel_s8_s16_reordered_oddch.o
LOAD Src/TinyEngine/src/kernels/int_forward_op/avgpooling.o
LOAD Src/TinyEngine/src/kernels/int_forward_op/concat_ch.o
LOAD Src/TinyEngine/src/kernels/int_forward_op/convolve_1x1_s8.o
LOAD Src/TinyEngine/src/kernels/int_forward_op/convolve_1x1_s8_SRAM.o
LOAD Src/TinyEngine/src/kernels/int_forward_op/convolve_1x1_s8_ch16.o
LOAD Src/TinyEngine/src/kernels/int_forward_op/convolve_1x1_s8_ch24.o
LOAD Src/TinyEngine/src/kernels/int_forward_op/convolve_1x1_s8_ch48.o
LOAD Src/TinyEngine/src/kernels/int_forward_op/convolve_1x1_s8_ch8.o
LOAD Src/TinyEngine/src/kernels/int_forward_op/convolve_1x1_s8_kbuf.o
LOAD Src/TinyEngine/src/kernels/int_forward_op/convolve_1x1_s8_oddch.o
LOAD Src/TinyEngine/src/kernels/int_forward_op/convolve_1x1_s8_skip_pad.o
LOAD Src/TinyEngine/src/kernels/int_forward_op/convolve_s8_kernel2x3_inputch3_stride2_pad1.o
LOAD Src/TinyEngine/src/kernels/int_forward_op/convolve_s8_kernel3_inputch3_stride2_pad1.o
LOAD Src/TinyEngine/src/kernels/int_forward_op/convolve_s8_kernel3_stride1_pad1.o
LOAD Src/TinyEngine/src/kernels/int_forward_op/convolve_s8_kernel3x2_inputch3_stride2_pad1.o
LOAD Src/TinyEngine/src/kernels/int_forward_op/convolve_u8_kernel3_inputch3_stride1_pad1.o
LOAD Src/TinyEngine/src/kernels/int_forward_op/convolve_u8_kernel3_inputch3_stride2_pad1.o
LOAD Src/TinyEngine/src/kernels/int_forward_op/element_mult.o
LOAD Src/TinyEngine/src/kernels/int_forward_op/fully_connected.o
LOAD Src/TinyEngine/src/kernels/int_forward_op/mat_mul_fp.o
LOAD Src/TinyEngine/src/kernels/int_forward_op/mat_mult_kernels.o
LOAD Src/TinyEngine/src/kernels/int_forward_op/maxpooling.o
LOAD Src/TinyEngine/src/kernels/int_forward_op/patchpadding_convolve_s8_kernel3_inputch3_stride2.o
LOAD Src/TinyEngine/src/kernels/int_forward_op/patchpadding_depthwise_kernel3x3_stride1_inplace_CHW.o
LOAD Src/TinyEngine/src/kernels/int_forward_op/patchpadding_depthwise_kernel3x3_stride2_inplace_CHW.o
LOAD Src/TinyEngine/src/kernels/int_forward_op/patchpadding_kbuf_convolve_s8_kernel3_inputch3_stride2.o
LOAD Src/TinyEngine/src/kernels/int_forward_op/stable_softmax.o
LOAD Src/TinyEngine/src/kernels/int_forward_op/upsample_byte.o
LOAD Src/TinyEngine/src/yoloOutput.o
LOAD Src/sys/_io.o
LOAD Src/sys/stubs.o
LOAD Utilities/Fonts/font12.o
LOAD Utilities/Fonts/font16.o
LOAD Utilities/Fonts/font20.o
LOAD Utilities/Fonts/font24.o
LOAD Utilities/Fonts/font8.o
START GROUP
LOAD /home/tetesting/st/stm32cubeide_1.5.0/plugins/com.st.stm32cube.ide.mcu.externaltools.gnu-tools-for-stm32.7-2018-q2-update.linux64_1.5.0.202011040924/tools/bin/../lib/gcc/arm-none-eabi/7.3.1/../../../../arm-none-eabi/lib/thumb/v7e-m/fpv4-sp/hard/libstdc++.a
LOAD /home/tetesting/st/stm32cubeide_1.5.0/plugins/com.st.stm32cube.ide.mcu.externaltools.gnu-tools-for-stm32.7-2018-q2-update.linux64_1.5.0.202011040924/tools/bin/../lib/gcc/arm-none-eabi/7.3.1/../../../../arm-none-eabi/lib/thumb/v7e-m/fpv4-sp/hard/libsupc++.a
END GROUP
LOAD /home/tetesting/st/stm32cubeide_1.5.0/plugins/com.st.stm32cube.ide.mcu.externaltools.gnu-tools-for-stm32.7-2018-q2-update.linux64_1.5.0.202011040924/tools/bin/../lib/gcc/arm-none-eabi/7.3.1/../../../../arm-none-eabi/lib/thumb/v7e-m/fpv4-sp/hard/libstdc++.a
LOAD /home/tetesting/st/stm32cubeide_1.5.0/plugins/com.st.stm32cube.ide.mcu.externaltools.gnu-tools-for-stm32.7-2018-q2-update.linux64_1.5.0.202011040924/tools/bin/../lib/gcc/arm-none-eabi/7.3.1/../../../../arm-none-eabi/lib/thumb/v7e-m/fpv4-sp/hard/libm.a
LOAD /home/tetesting/st/stm32cubeide_1.5.0/plugins/com.st.stm32cube.ide.mcu.externaltools.gnu-tools-for-stm32.7-2018-q2-update.linux64_1.5.0.202011040924/tools/bin/../lib/gcc/arm-none-eabi/7.3.1/../../../../arm-none-eabi/lib/thumb/v7e-m/fpv4-sp/hard/libc.a
START GROUP
LOAD /home/tetesting/st/stm32cubeide_1.5.0/plugins/com.st.stm32cube.ide.mcu.externaltools.gnu-tools-for-stm32.7-2018-q2-update.linux64_1.5.0.202011040924/tools/bin/../lib/gcc/arm-none-eabi/7.3.1/thumb/v7e-m/fpv4-sp/hard/libgcc.a
LOAD /home/tetesting/st/stm32cubeide_1.5.0/plugins/com.st.stm32cube.ide.mcu.externaltools.gnu-tools-for-stm32.7-2018-q2-update.linux64_1.5.0.202011040924/tools/bin/../lib/gcc/arm-none-eabi/7.3.1/../../../../arm-none-eabi/lib/thumb/v7e-m/fpv4-sp/hard/libc.a
END GROUP
START GROUP
LOAD /home/tetesting/st/stm32cubeide_1.5.0/plugins/com.st.stm32cube.ide.mcu.externaltools.gnu-tools-for-stm32.7-2018-q2-update.linux64_1.5.0.202011040924/tools/bin/../lib/gcc/arm-none-eabi/7.3.1/thumb/v7e-m/fpv4-sp/hard/libgcc.a
LOAD /home/tetesting/st/stm32cubeide_1.5.0/plugins/com.st.stm32cube.ide.mcu.externaltools.gnu-tools-for-stm32.7-2018-q2-update.linux64_1.5.0.202011040924/tools/bin/../lib/gcc/arm-none-eabi/7.3.1/../../../../arm-none-eabi/lib/thumb/v7e-m/fpv4-sp/hard/libc.a
LOAD /home/tetesting/st/stm32cubeide_1.5.0/plugins/com.st.stm32cube.ide.mcu.externaltools.gnu-tools-for-stm32.7-2018-q2-update.linux64_1.5.0.202011040924/tools/bin/../lib/gcc/arm-none-eabi/7.3.1/../../../../arm-none-eabi/lib/thumb/v7e-m/fpv4-sp/hard/libnosys.a
END GROUP
LOAD /home/tetesting/st/stm32cubeide_1.5.0/plugins/com.st.stm32cube.ide.mcu.externaltools.gnu-tools-for-stm32.7-2018-q2-update.linux64_1.5.0.202011040924/tools/bin/../lib/gcc/arm-none-eabi/7.3.1/thumb/v7e-m/fpv4-sp/hard/crtend.o
LOAD /home/tetesting/st/stm32cubeide_1.5.0/plugins/com.st.stm32cube.ide.mcu.externaltools.gnu-tools-for-stm32.7-2018-q2-update.linux64_1.5.0.202011040924/tools/bin/../lib/gcc/arm-none-eabi/7.3.1/thumb/v7e-m/fpv4-sp/hard/crtn.o
                0x000000002004ffff                _estack = 0x2004ffff
                0x0000000000000600                _Min_Heap_Size = 0x600
                0x0000000000000400                _Min_Stack_Size = 0x400

.isr_vector     0x0000000008000000      0x1c8
                0x0000000008000000                . = ALIGN (0x4)
 *(.isr_vector)
 .isr_vector    0x0000000008000000      0x1c8 Src/startup_stm32f746xx.o
                0x0000000008000000                g_pfnVectors
                0x00000000080001c8                . = ALIGN (0x4)

.text           0x00000000080001d0    0x2c4a8
                0x00000000080001d0                . = ALIGN (0x4)
 *(.text)
 .text          0x00000000080001d0       0x40 /home/tetesting/st/stm32cubeide_1.5.0/plugins/com.st.stm32cube.ide.mcu.externaltools.gnu-tools-for-stm32.7-2018-q2-update.linux64_1.5.0.202011040924/tools/bin/../lib/gcc/arm-none-eabi/7.3.1/thumb/v7e-m/fpv4-sp/hard/crtbegin.o
 .text          0x0000000008000210     0x6adc /home/tetesting/st/stm32cubeide_1.5.0/plugins/com.st.stm32cube.ide.mcu.externaltools.gnu-tools-for-stm32.7-2018-q2-update.linux64_1.5.0.202011040924/tools/bin/../lib/gcc/arm-none-eabi/7.3.1/../../../../arm-none-eabi/lib/thumb/v7e-m/fpv4-sp/hard/libstdc++.a(cp-demangle.o)
                0x0000000008006c00                __cxa_demangle
                0x0000000008006cc8                __gcclibcxx_demangle_callback
 *fill*         0x0000000008006cec        0x4 
 .text          0x0000000008006cf0       0xa0 /home/tetesting/st/stm32cubeide_1.5.0/plugins/com.st.stm32cube.ide.mcu.externaltools.gnu-tools-for-stm32.7-2018-q2-update.linux64_1.5.0.202011040924/tools/bin/../lib/gcc/arm-none-eabi/7.3.1/../../../../arm-none-eabi/lib/thumb/v7e-m/fpv4-sp/hard/libc.a(lib_a-memchr.o)
                0x0000000008006cf0                memchr
 .text          0x0000000008006d90       0x14 /home/tetesting/st/stm32cubeide_1.5.0/plugins/com.st.stm32cube.ide.mcu.externaltools.gnu-tools-for-stm32.7-2018-q2-update.linux64_1.5.0.202011040924/tools/bin/../lib/gcc/arm-none-eabi/7.3.1/../../../../arm-none-eabi/lib/thumb/v7e-m/fpv4-sp/hard/libc.a(lib_a-strcmp.o)
                0x0000000008006d90                strcmp
 .text          0x0000000008006da4       0x10 /home/tetesting/st/stm32cubeide_1.5.0/plugins/com.st.stm32cube.ide.mcu.externaltools.gnu-tools-for-stm32.7-2018-q2-update.linux64_1.5.0.202011040924/tools/bin/../lib/gcc/arm-none-eabi/7.3.1/../../../../arm-none-eabi/lib/thumb/v7e-m/fpv4-sp/hard/libc.a(lib_a-strlen.o)
                0x0000000008006da4                strlen
 .text          0x0000000008006db4      0x378 /home/tetesting/st/stm32cubeide_1.5.0/plugins/com.st.stm32cube.ide.mcu.externaltools.gnu-tools-for-stm32.7-2018-q2-update.linux64_1.5.0.202011040924/tools/bin/../lib/gcc/arm-none-eabi/7.3.1/thumb/v7e-m/fpv4-sp/hard/libgcc.a(_arm_addsubdf3.o)
                0x0000000008006db4                __aeabi_drsub
                0x0000000008006dbc                __aeabi_dsub
                0x0000000008006dbc                __subdf3
                0x0000000008006dc0                __adddf3
                0x0000000008006dc0                __aeabi_dadd
                0x0000000008007038                __aeabi_ui2d
                0x0000000008007038                __floatunsidf
                0x0000000008007058                __floatsidf
                0x0000000008007058                __aeabi_i2d
                0x000000000800707c                __extendsfdf2
                0x000000000800707c                __aeabi_f2d
                0x00000000080070c0                __aeabi_ul2d
                0x00000000080070c0                __floatundidf
                0x00000000080070d0                __floatdidf
                0x00000000080070d0                __aeabi_l2d
 .text          0x000000000800712c      0x424 /home/tetesting/st/stm32cubeide_1.5.0/plugins/com.st.stm32cube.ide.mcu.externaltools.gnu-tools-for-stm32.7-2018-q2-update.linux64_1.5.0.202011040924/tools/bin/../lib/gcc/arm-none-eabi/7.3.1/thumb/v7e-m/fpv4-sp/hard/libgcc.a(_arm_muldivdf3.o)
                0x000000000800712c                __aeabi_dmul
                0x000000000800712c                __muldf3
                0x0000000008007380                __aeabi_ddiv
                0x0000000008007380                __divdf3
 .text          0x0000000008007550      0x110 /home/tetesting/st/stm32cubeide_1.5.0/plugins/com.st.stm32cube.ide.mcu.externaltools.gnu-tools-for-stm32.7-2018-q2-update.linux64_1.5.0.202011040924/tools/bin/../lib/gcc/arm-none-eabi/7.3.1/thumb/v7e-m/fpv4-sp/hard/libgcc.a(_arm_cmpdf2.o)
                0x0000000008007550                __gtdf2
                0x0000000008007550                __gedf2
                0x0000000008007558                __ltdf2
                0x0000000008007558                __ledf2
                0x0000000008007560                __cmpdf2
                0x0000000008007560                __eqdf2
                0x0000000008007560                __nedf2
                0x00000000080075dc                __aeabi_cdrcmple
                0x00000000080075ec                __aeabi_cdcmple
                0x00000000080075ec                __aeabi_cdcmpeq
                0x00000000080075fc                __aeabi_dcmpeq
                0x0000000008007610                __aeabi_dcmplt
                0x0000000008007624                __aeabi_dcmple
                0x0000000008007638                __aeabi_dcmpge
                0x000000000800764c                __aeabi_dcmpgt
 .text          0x0000000008007660       0x2c /home/tetesting/st/stm32cubeide_1.5.0/plugins/com.st.stm32cube.ide.mcu.externaltools.gnu-tools-for-stm32.7-2018-q2-update.linux64_1.5.0.202011040924/tools/bin/../lib/gcc/arm-none-eabi/7.3.1/thumb/v7e-m/fpv4-sp/hard/libgcc.a(_arm_unorddf2.o)
                0x0000000008007660                __aeabi_dcmpun
                0x0000000008007660                __unorddf2
 .text          0x000000000800768c       0x50 /home/tetesting/st/stm32cubeide_1.5.0/plugins/com.st.stm32cube.ide.mcu.externaltools.gnu-tools-for-stm32.7-2018-q2-update.linux64_1.5.0.202011040924/tools/bin/../lib/gcc/arm-none-eabi/7.3.1/thumb/v7e-m/fpv4-sp/hard/libgcc.a(_arm_fixdfsi.o)
                0x000000000800768c                __fixdfsi
                0x000000000800768c                __aeabi_d2iz
 .text          0x00000000080076dc       0xa0 /home/tetesting/st/stm32cubeide_1.5.0/plugins/com.st.stm32cube.ide.mcu.externaltools.gnu-tools-for-stm32.7-2018-q2-update.linux64_1.5.0.202011040924/tools/bin/../lib/gcc/arm-none-eabi/7.3.1/thumb/v7e-m/fpv4-sp/hard/libgcc.a(_arm_truncdfsf2.o)
                0x00000000080076dc                __aeabi_d2f
                0x00000000080076dc                __truncdfsf2
 .text          0x000000000800777c       0x30 /home/tetesting/st/stm32cubeide_1.5.0/plugins/com.st.stm32cube.ide.mcu.externaltools.gnu-tools-for-stm32.7-2018-q2-update.linux64_1.5.0.202011040924/tools/bin/../lib/gcc/arm-none-eabi/7.3.1/thumb/v7e-m/fpv4-sp/hard/libgcc.a(_aeabi_uldivmod.o)
                0x000000000800777c                __aeabi_uldivmod
 .text          0x00000000080077ac      0x2cc /home/tetesting/st/stm32cubeide_1.5.0/plugins/com.st.stm32cube.ide.mcu.externaltools.gnu-tools-for-stm32.7-2018-q2-update.linux64_1.5.0.202011040924/tools/bin/../lib/gcc/arm-none-eabi/7.3.1/thumb/v7e-m/fpv4-sp/hard/libgcc.a(_udivmoddi4.o)
                0x00000000080077ac                __udivmoddi4
 .text          0x0000000008007a78      0x9ec /home/tetesting/st/stm32cubeide_1.5.0/plugins/com.st.stm32cube.ide.mcu.externaltools.gnu-tools-for-stm32.7-2018-q2-update.linux64_1.5.0.202011040924/tools/bin/../lib/gcc/arm-none-eabi/7.3.1/thumb/v7e-m/fpv4-sp/hard/libgcc.a(unwind-arm.o)
                0x0000000008007d2c                _Unwind_GetCFA
                0x0000000008007d30                __gnu_Unwind_RaiseException
                0x0000000008007d90                __gnu_Unwind_ForcedUnwind
                0x0000000008007da4                __gnu_Unwind_Resume
                0x0000000008007de8                __gnu_Unwind_Resume_or_Rethrow
                0x0000000008007df8                _Unwind_Complete
                0x0000000008007dfc                _Unwind_DeleteException
                0x0000000008007e08                _Unwind_VRS_Get
                0x0000000008007e4c                _Unwind_VRS_Set
                0x0000000008007e94                __gnu_Unwind_Backtrace
                0x00000000080081d8                __aeabi_unwind_cpp_pr0
                0x00000000080081dc                __aeabi_unwind_cpp_pr1
                0x00000000080081e0                __aeabi_unwind_cpp_pr2
                0x00000000080081e4                _Unwind_VRS_Pop
 .text          0x0000000008008464      0x1ac /home/tetesting/st/stm32cubeide_1.5.0/plugins/com.st.stm32cube.ide.mcu.externaltools.gnu-tools-for-stm32.7-2018-q2-update.linux64_1.5.0.202011040924/tools/bin/../lib/gcc/arm-none-eabi/7.3.1/thumb/v7e-m/fpv4-sp/hard/libgcc.a(libunwind.o)
                0x0000000008008464                __restore_core_regs
                0x0000000008008464                restore_core_regs
                0x000000000800847c                __gnu_Unwind_Restore_VFP
                0x0000000008008484                __gnu_Unwind_Save_VFP
                0x000000000800848c                __gnu_Unwind_Restore_VFP_D
                0x0000000008008494                __gnu_Unwind_Save_VFP_D
                0x000000000800849c                __gnu_Unwind_Restore_VFP_D_16_to_31
                0x00000000080084a4                __gnu_Unwind_Save_VFP_D_16_to_31
                0x00000000080084ac                __gnu_Unwind_Restore_WMMXD
                0x00000000080084f0                __gnu_Unwind_Save_WMMXD
                0x0000000008008534                __gnu_Unwind_Restore_WMMXC
                0x0000000008008548                __gnu_Unwind_Save_WMMXC
                0x000000000800855c                ___Unwind_RaiseException
                0x000000000800855c                _Unwind_RaiseException
                0x0000000008008580                ___Unwind_Resume
                0x0000000008008580                _Unwind_Resume
                0x00000000080085a4                _Unwind_Resume_or_Rethrow
                0x00000000080085a4                ___Unwind_Resume_or_Rethrow
                0x00000000080085c8                ___Unwind_ForcedUnwind
                0x00000000080085c8                _Unwind_ForcedUnwind
                0x00000000080085ec                _Unwind_Backtrace
                0x00000000080085ec                ___Unwind_Backtrace
 .text          0x0000000008008610      0x374 /home/tetesting/st/stm32cubeide_1.5.0/plugins/com.st.stm32cube.ide.mcu.externaltools.gnu-tools-for-stm32.7-2018-q2-update.linux64_1.5.0.202011040924/tools/bin/../lib/gcc/arm-none-eabi/7.3.1/thumb/v7e-m/fpv4-sp/hard/libgcc.a(pr-support.o)
                0x0000000008008668                __gnu_unwind_execute
                0x000000000800892c                __gnu_unwind_frame
                0x0000000008008954                _Unwind_GetRegionStart
                0x0000000008008960                _Unwind_GetLanguageSpecificData
                0x0000000008008974                _Unwind_GetDataRelBase
                0x000000000800897c                _Unwind_GetTextRelBase
 .text          0x0000000008008984        0x4 /home/tetesting/st/stm32cubeide_1.5.0/plugins/com.st.stm32cube.ide.mcu.externaltools.gnu-tools-for-stm32.7-2018-q2-update.linux64_1.5.0.202011040924/tools/bin/../lib/gcc/arm-none-eabi/7.3.1/thumb/v7e-m/fpv4-sp/hard/libgcc.a(_dvmd_tls.o)
                0x0000000008008984                __aeabi_ldiv0
                0x0000000008008984                __aeabi_idiv0
 *(.text*)
 .text.BSP_PB_Init
                0x0000000008008988       0xb0 Drivers/BSP/STM32746G-Discovery/stm32746g_discovery.o
                0x0000000008008988                BSP_PB_Init
 .text.BSP_PB_GetState
                0x0000000008008a38       0x1c Drivers/BSP/STM32746G-Discovery/stm32746g_discovery.o
                0x0000000008008a38                BSP_PB_GetState
 .text.BSP_LCD_GetXSize
                0x0000000008008a54       0x18 Drivers/BSP/STM32746G-Discovery/stm32746g_discovery_lcd.o
                0x0000000008008a54                BSP_LCD_GetXSize
 .text.BSP_LCD_GetYSize
                0x0000000008008a6c       0x18 Drivers/BSP/STM32746G-Discovery/stm32746g_discovery_lcd.o
                0x0000000008008a6c                BSP_LCD_GetYSize
 .text.BSP_LCD_LayerRgb565Init
                0x0000000008008a84       0x80 Drivers/BSP/STM32746G-Discovery/stm32746g_discovery_lcd.o
                0x0000000008008a84                BSP_LCD_LayerRgb565Init
 .text.BSP_LCD_SelectLayer
                0x0000000008008b04        0xc Drivers/BSP/STM32746G-Discovery/stm32746g_discovery_lcd.o
                0x0000000008008b04                BSP_LCD_SelectLayer
 .text.BSP_LCD_SetTransparency
                0x0000000008008b10        0xc Drivers/BSP/STM32746G-Discovery/stm32746g_discovery_lcd.o
                0x0000000008008b10                BSP_LCD_SetTransparency
 .text.BSP_LCD_SetTextColor
                0x0000000008008b1c       0x18 Drivers/BSP/STM32746G-Discovery/stm32746g_discovery_lcd.o
                0x0000000008008b1c                BSP_LCD_SetTextColor
 .text.BSP_LCD_Clear
                0x0000000008008b34       0x80 Drivers/BSP/STM32746G-Discovery/stm32746g_discovery_lcd.o
                0x0000000008008b34                BSP_LCD_Clear
 .text.BSP_LCD_DisplayChar
                0x0000000008008bb4      0x100 Drivers/BSP/STM32746G-Discovery/stm32746g_discovery_lcd.o
                0x0000000008008bb4                BSP_LCD_DisplayChar
 .text.BSP_LCD_DisplayStringAt
                0x0000000008008cb4       0xb8 Drivers/BSP/STM32746G-Discovery/stm32746g_discovery_lcd.o
                0x0000000008008cb4                BSP_LCD_DisplayStringAt
 .text.BSP_LCD_DrawPixel
                0x0000000008008d6c       0x38 Drivers/BSP/STM32746G-Discovery/stm32746g_discovery_lcd.o
                0x0000000008008d6c                BSP_LCD_DrawPixel
 .text.BSP_LCD_DisplayOn
                0x0000000008008da4       0x34 Drivers/BSP/STM32746G-Discovery/stm32746g_discovery_lcd.o
                0x0000000008008da4                BSP_LCD_DisplayOn
 .text.BSP_LCD_MspInit
                0x0000000008008dd8      0x154 Drivers/BSP/STM32746G-Discovery/stm32746g_discovery_lcd.o
                0x0000000008008dd8                BSP_LCD_MspInit
 .text.BSP_LCD_ClockConfig
                0x0000000008008f2c       0x24 Drivers/BSP/STM32746G-Discovery/stm32746g_discovery_lcd.o
                0x0000000008008f2c                BSP_LCD_ClockConfig
 .text.BSP_LCD_Init
                0x0000000008008f50       0xb8 Drivers/BSP/STM32746G-Discovery/stm32746g_discovery_lcd.o
                0x0000000008008f50                BSP_LCD_Init
 .text.BSP_SDRAM_MspInit
                0x0000000008009008      0x174 Drivers/BSP/STM32746G-Discovery/stm32746g_discovery_sdram.o
                0x0000000008009008                BSP_SDRAM_MspInit
 .text.BSP_SDRAM_Init
                0x000000000800917c      0x110 Drivers/BSP/STM32746G-Discovery/stm32746g_discovery_sdram.o
                0x000000000800917c                BSP_SDRAM_Init
 .text.HAL_MspInit
                0x000000000800928c        0x4 Drivers/STM32F7xx_HAL_Driver/Src/stm32f7xx_hal.o
                0x000000000800928c                HAL_MspInit
 .text.HAL_InitTick
                0x0000000008009290       0x48 Drivers/STM32F7xx_HAL_Driver/Src/stm32f7xx_hal.o
                0x0000000008009290                HAL_InitTick
 .text.HAL_Init
                0x00000000080092d8       0x2c Drivers/STM32F7xx_HAL_Driver/Src/stm32f7xx_hal.o
                0x00000000080092d8                HAL_Init
 .text.HAL_IncTick
                0x0000000008009304       0x18 Drivers/STM32F7xx_HAL_Driver/Src/stm32f7xx_hal.o
                0x0000000008009304                HAL_IncTick
 .text.HAL_GetTick
                0x000000000800931c        0xc Drivers/STM32F7xx_HAL_Driver/Src/stm32f7xx_hal.o
                0x000000000800931c                HAL_GetTick
 .text.HAL_Delay
                0x0000000008009328       0x24 Drivers/STM32F7xx_HAL_Driver/Src/stm32f7xx_hal.o
                0x0000000008009328                HAL_Delay
 .text.HAL_NVIC_SetPriorityGrouping
                0x000000000800934c       0x28 Drivers/STM32F7xx_HAL_Driver/Src/stm32f7xx_hal_cortex.o
                0x000000000800934c                HAL_NVIC_SetPriorityGrouping
 .text.HAL_NVIC_SetPriority
                0x0000000008009374       0x6c Drivers/STM32F7xx_HAL_Driver/Src/stm32f7xx_hal_cortex.o
                0x0000000008009374                HAL_NVIC_SetPriority
 .text.HAL_NVIC_EnableIRQ
                0x00000000080093e0       0x1c Drivers/STM32F7xx_HAL_Driver/Src/stm32f7xx_hal_cortex.o
                0x00000000080093e0                HAL_NVIC_EnableIRQ
 .text.HAL_SYSTICK_Config
                0x00000000080093fc       0x30 Drivers/STM32F7xx_HAL_Driver/Src/stm32f7xx_hal_cortex.o
                0x00000000080093fc                HAL_SYSTICK_Config
 .text.HAL_DMA_Init
                0x000000000800942c      0x138 Drivers/STM32F7xx_HAL_Driver/Src/stm32f7xx_hal_dma.o
                0x000000000800942c                HAL_DMA_Init
 .text.HAL_DMA_DeInit
                0x0000000008009564       0x84 Drivers/STM32F7xx_HAL_Driver/Src/stm32f7xx_hal_dma.o
                0x0000000008009564                HAL_DMA_DeInit
 .text.HAL_DMA2D_MspInit
                0x00000000080095e8        0x4 Drivers/STM32F7xx_HAL_Driver/Src/stm32f7xx_hal_dma2d.o
                0x00000000080095e8                HAL_DMA2D_MspInit
 .text.HAL_DMA2D_Init
                0x00000000080095ec       0x5c Drivers/STM32F7xx_HAL_Driver/Src/stm32f7xx_hal_dma2d.o
                0x00000000080095ec                HAL_DMA2D_Init
 .text.HAL_DMA2D_Start
                0x0000000008009648       0xac Drivers/STM32F7xx_HAL_Driver/Src/stm32f7xx_hal_dma2d.o
                0x0000000008009648                HAL_DMA2D_Start
 .text.HAL_DMA2D_PollForTransfer
                0x00000000080096f4      0x12c Drivers/STM32F7xx_HAL_Driver/Src/stm32f7xx_hal_dma2d.o
                0x00000000080096f4                HAL_DMA2D_PollForTransfer
 .text.HAL_DMA2D_ConfigLayer
                0x0000000008009820       0xa4 Drivers/STM32F7xx_HAL_Driver/Src/stm32f7xx_hal_dma2d.o
                0x0000000008009820                HAL_DMA2D_ConfigLayer
 .text.HAL_GPIO_Init
                0x00000000080098c4      0x23c Drivers/STM32F7xx_HAL_Driver/Src/stm32f7xx_hal_gpio.o
                0x00000000080098c4                HAL_GPIO_Init
 .text.HAL_GPIO_ReadPin
                0x0000000008009b00        0xc Drivers/STM32F7xx_HAL_Driver/Src/stm32f7xx_hal_gpio.o
                0x0000000008009b00                HAL_GPIO_ReadPin
 .text.HAL_GPIO_WritePin
                0x0000000008009b0c        0x8 Drivers/STM32F7xx_HAL_Driver/Src/stm32f7xx_hal_gpio.o
                0x0000000008009b0c                HAL_GPIO_WritePin
 .text.I2C_WaitOnRXNEFlagUntilTimeout
                0x0000000008009b14      0x100 Drivers/STM32F7xx_HAL_Driver/Src/stm32f7xx_hal_i2c.o
 .text.I2C_WaitOnTXISFlagUntilTimeout
                0x0000000008009c14       0xc4 Drivers/STM32F7xx_HAL_Driver/Src/stm32f7xx_hal_i2c.o
 .text.I2C_WaitOnSTOPFlagUntilTimeout
                0x0000000008009cd8       0xc8 Drivers/STM32F7xx_HAL_Driver/Src/stm32f7xx_hal_i2c.o
 .text.HAL_I2C_Init
                0x0000000008009da0       0xa8 Drivers/STM32F7xx_HAL_Driver/Src/stm32f7xx_hal_i2c.o
                0x0000000008009da0                HAL_I2C_Init
 .text.HAL_I2C_Master_Transmit
                0x0000000008009e48      0x1a0 Drivers/STM32F7xx_HAL_Driver/Src/stm32f7xx_hal_i2c.o
                0x0000000008009e48                HAL_I2C_Master_Transmit
 .text.HAL_I2C_Master_Receive
                0x0000000008009fe8      0x19c Drivers/STM32F7xx_HAL_Driver/Src/stm32f7xx_hal_i2c.o
                0x0000000008009fe8                HAL_I2C_Master_Receive
 .text.HAL_I2CEx_ConfigAnalogFilter
                0x000000000800a184       0x54 Drivers/STM32F7xx_HAL_Driver/Src/stm32f7xx_hal_i2c_ex.o
                0x000000000800a184                HAL_I2CEx_ConfigAnalogFilter
 .text.HAL_LTDC_Init
                0x000000000800a1d8       0xf0 Drivers/STM32F7xx_HAL_Driver/Src/stm32f7xx_hal_ltdc.o
                0x000000000800a1d8                HAL_LTDC_Init
 .text.HAL_LTDC_ConfigLayer
                0x000000000800a2c8      0x190 Drivers/STM32F7xx_HAL_Driver/Src/stm32f7xx_hal_ltdc.o
                0x000000000800a2c8                HAL_LTDC_ConfigLayer
 .text.HAL_LTDC_SetAlpha
                0x000000000800a458      0x198 Drivers/STM32F7xx_HAL_Driver/Src/stm32f7xx_hal_ltdc.o
                0x000000000800a458                HAL_LTDC_SetAlpha
 .text.HAL_LTDC_GetState
                0x000000000800a5f0        0x8 Drivers/STM32F7xx_HAL_Driver/Src/stm32f7xx_hal_ltdc.o
                0x000000000800a5f0                HAL_LTDC_GetState
 .text.HAL_PWREx_EnableOverDrive
                0x000000000800a5f8       0x78 Drivers/STM32F7xx_HAL_Driver/Src/stm32f7xx_hal_pwr_ex.o
                0x000000000800a5f8                HAL_PWREx_EnableOverDrive
 .text.HAL_RCC_OscConfig
                0x000000000800a670      0x398 Drivers/STM32F7xx_HAL_Driver/Src/stm32f7xx_hal_rcc.o
                0x000000000800a670                HAL_RCC_OscConfig
 .text.HAL_RCC_ClockConfig
                0x000000000800aa08      0x194 Drivers/STM32F7xx_HAL_Driver/Src/stm32f7xx_hal_rcc.o
                0x000000000800aa08                HAL_RCC_ClockConfig
 .text.HAL_RCC_GetSysClockFreq
                0x000000000800ab9c       0x68 Drivers/STM32F7xx_HAL_Driver/Src/stm32f7xx_hal_rcc.o
                0x000000000800ab9c                HAL_RCC_GetSysClockFreq
 .text.HAL_RCC_GetPCLK1Freq
                0x000000000800ac04       0x20 Drivers/STM32F7xx_HAL_Driver/Src/stm32f7xx_hal_rcc.o
                0x000000000800ac04                HAL_RCC_GetPCLK1Freq
 .text.HAL_RCC_GetPCLK2Freq
                0x000000000800ac24       0x20 Drivers/STM32F7xx_HAL_Driver/Src/stm32f7xx_hal_rcc.o
                0x000000000800ac24                HAL_RCC_GetPCLK2Freq
 .text.HAL_RCCEx_PeriphCLKConfig
                0x000000000800ac44      0x540 Drivers/STM32F7xx_HAL_Driver/Src/stm32f7xx_hal_rcc_ex.o
                0x000000000800ac44                HAL_RCCEx_PeriphCLKConfig
 .text.HAL_SDRAM_MspInit
                0x000000000800b184        0x4 Drivers/STM32F7xx_HAL_Driver/Src/stm32f7xx_hal_sdram.o
                0x000000000800b184                HAL_SDRAM_MspInit
 .text.HAL_SDRAM_Init
                0x000000000800b188       0x44 Drivers/STM32F7xx_HAL_Driver/Src/stm32f7xx_hal_sdram.o
                0x000000000800b188                HAL_SDRAM_Init
 .text.HAL_SDRAM_SendCommand
                0x000000000800b1cc       0x34 Drivers/STM32F7xx_HAL_Driver/Src/stm32f7xx_hal_sdram.o
                0x000000000800b1cc                HAL_SDRAM_SendCommand
 .text.HAL_SDRAM_ProgramRefreshRate
                0x000000000800b200       0x28 Drivers/STM32F7xx_HAL_Driver/Src/stm32f7xx_hal_sdram.o
                0x000000000800b200                HAL_SDRAM_ProgramRefreshRate
 .text.SPI_EndRxTxTransaction
                0x000000000800b228      0x104 Drivers/STM32F7xx_HAL_Driver/Src/stm32f7xx_hal_spi.o
 .text.HAL_SPI_Init
                0x000000000800b32c       0xd4 Drivers/STM32F7xx_HAL_Driver/Src/stm32f7xx_hal_spi.o
                0x000000000800b32c                HAL_SPI_Init
 .text.HAL_SPI_Transmit
                0x000000000800b400      0x25c Drivers/STM32F7xx_HAL_Driver/Src/stm32f7xx_hal_spi.o
                0x000000000800b400                HAL_SPI_Transmit
 .text.HAL_SPI_TransmitReceive
                0x000000000800b65c      0x3dc Drivers/STM32F7xx_HAL_Driver/Src/stm32f7xx_hal_spi.o
                0x000000000800b65c                HAL_SPI_TransmitReceive
 .text.HAL_UART_Transmit
                0x000000000800ba38      0x118 Drivers/STM32F7xx_HAL_Driver/Src/stm32f7xx_hal_uart.o
                0x000000000800ba38                HAL_UART_Transmit
 .text.HAL_UART_Receive
                0x000000000800bb50      0x144 Drivers/STM32F7xx_HAL_Driver/Src/stm32f7xx_hal_uart.o
                0x000000000800bb50                HAL_UART_Receive
 .text.UART_AdvFeatureConfig
                0x000000000800bc94       0xb0 Drivers/STM32F7xx_HAL_Driver/Src/stm32f7xx_hal_uart.o
                0x000000000800bc94                UART_AdvFeatureConfig
 .text.HAL_UART_Init
                0x000000000800bd44      0x38c Drivers/STM32F7xx_HAL_Driver/Src/stm32f7xx_hal_uart.o
                0x000000000800bd44                HAL_UART_Init
 .text.FMC_SDRAM_Init
                0x000000000800c0d0       0x7c Drivers/STM32F7xx_HAL_Driver/Src/stm32f7xx_ll_fmc.o
                0x000000000800c0d0                FMC_SDRAM_Init
 .text.FMC_SDRAM_Timing_Init
                0x000000000800c14c       0xa4 Drivers/STM32F7xx_HAL_Driver/Src/stm32f7xx_ll_fmc.o
                0x000000000800c14c                FMC_SDRAM_Timing_Init
 .text.FMC_SDRAM_SendCommand
                0x000000000800c1f0       0x2c Drivers/STM32F7xx_HAL_Driver/Src/stm32f7xx_ll_fmc.o
                0x000000000800c1f0                FMC_SDRAM_SendCommand
 .text.FMC_SDRAM_ProgramRefreshRate
                0x000000000800c21c       0x10 Drivers/STM32F7xx_HAL_Driver/Src/stm32f7xx_ll_fmc.o
                0x000000000800c21c                FMC_SDRAM_ProgramRefreshRate
 .text._ZN11JPEGDecoder14pjpeg_callbackEPhhS0_Pv
                0x000000000800c22c       0x44 Src/JPEGDecoder.o
                0x000000000800c22c                JPEGDecoder::pjpeg_callback(unsigned char*, unsigned char, unsigned char*, void*)
 .text._ZN11JPEGDecoder4readEv
                0x000000000800c270      0x400 Src/JPEGDecoder.o
                0x000000000800c270                JPEGDecoder::read()
 .text._ZN11JPEGDecoder11decodeArrayEPKhm
                0x000000000800c670       0xc0 Src/JPEGDecoder.o
                0x000000000800c670                JPEGDecoder::decodeArray(unsigned char const*, unsigned long)
 .text.startup._GLOBAL__sub_I_JpegDec
                0x000000000800c730       0x18 Src/JPEGDecoder.o
 .text.exit._GLOBAL__sub_D_JpegDec
                0x000000000800c748       0x10 Src/JPEGDecoder.o
 .text._Z10initCamerav
                0x000000000800c758       0x90 Src/camera.o
                0x000000000800c758                initCamera()
 .text._Z22DecodeandProcessAndRGBiiPaPti
                0x000000000800c7e8      0x1e8 Src/camera.o
                0x000000000800c7e8                DecodeandProcessAndRGB(int, int, signed char*, unsigned short*, int)
 .text._Z12StartCapturev
                0x000000000800c9d0       0x2c Src/camera.o
                0x000000000800c9d0                StartCapture()
 .text._Z15read_fifo_burstv
                0x000000000800c9fc       0x98 Src/camera.o
                0x000000000800c9fc                read_fifo_burst()
 .text._Z11ReadCapturev
                0x000000000800ca94       0x20 Src/camera.o
                0x000000000800ca94                ReadCapture()
 .text._Z11camI2CSetupv
                0x000000000800cab4       0xf0 Src/camera_i2c.o
                0x000000000800cab4                camI2CSetup()
 .text._Z14wrSensorReg8_8hh
                0x000000000800cba4       0x30 Src/camera_i2c.o
                0x000000000800cba4                wrSensorReg8_8(unsigned char, unsigned char)
 .text._Z15wrSensorRegs8_8PK10sensor_reg
                0x000000000800cbd4       0x4c Src/camera_i2c.o
                0x000000000800cbd4                wrSensorRegs8_8(sensor_reg const*)
 .text._Z15camSPIErrorTestv
                0x000000000800cc20       0x9c Src/camera_spi.o
                0x000000000800cc20                camSPIErrorTest()
 .text._Z11camSPISetupv
                0x000000000800ccbc       0xe4 Src/camera_spi.o
                0x000000000800ccbc                camSPISetup()
 .text._Z11camWriteReghh
                0x000000000800cda0       0x44 Src/camera_spi.o
                0x000000000800cda0                camWriteReg(unsigned char, unsigned char)
 .text._Z11camTransferh
                0x000000000800cde4       0x2c Src/camera_spi.o
                0x000000000800cde4                camTransfer(unsigned char)
 .text._Z12camTransfersPhm
                0x000000000800ce10       0x40 Src/camera_spi.o
                0x000000000800ce10                camTransfers(unsigned char*, unsigned long)
 .text._Z10camReadRegh
                0x000000000800ce50       0x44 Src/camera_spi.o
                0x000000000800ce50                camReadReg(unsigned char)
 .text._Z13camReadRegBithh
                0x000000000800ce94       0x48 Src/camera_spi.o
                0x000000000800ce94                camReadRegBit(unsigned char, unsigned char)
 .text._Z13loadRGB565LCDmmmmPth
                0x000000000800cedc       0xbc Src/lcd.o
                0x000000000800cedc                loadRGB565LCD(unsigned long, unsigned long, unsigned long, unsigned long, unsigned short*, unsigned char)
 .text._Z13displaystringPcii
                0x000000000800cf98       0x14 Src/lcd.o
                0x000000000800cf98                displaystring(char*, int, int)
 .text._Z14detectResponseifiii
                0x000000000800cfac      0x348 Src/lcd.o
                0x000000000800cfac                detectResponse(int, float, int, int, int)
 .text._Z8lcdsetupv
                0x000000000800d2f4       0x84 Src/lcd.o
                0x000000000800d2f4                lcdsetup()
 .text._Z27invoke_new_weights_givenimgPa
                0x000000000800d378       0x78 Src/main.o
                0x000000000800d378                invoke_new_weights_givenimg(signed char*)
 .text.startup.main
                0x000000000800d3f0      0x8bc Src/main.o
                0x000000000800d3f0                main
 .text.upsampleCb
                0x000000000800dcac      0x1e4 Src/picojpeg.o
 .text.upsampleCbH
                0x000000000800de90      0x134 Src/picojpeg.o
 .text.upsampleCbV
                0x000000000800dfc4      0x138 Src/picojpeg.o
 .text.upsampleCr
                0x000000000800e0fc      0x1e8 Src/picojpeg.o
 .text.upsampleCrH
                0x000000000800e2e4      0x12c Src/picojpeg.o
 .text.upsampleCrV
                0x000000000800e410      0x134 Src/picojpeg.o
 .text.huffDecode
                0x000000000800e544      0x308 Src/picojpeg.o
 .text.getBits.constprop.6
                0x000000000800e84c      0x300 Src/picojpeg.o
 .text.getBits.constprop.4
                0x000000000800eb4c      0x148 Src/picojpeg.o
 .text.getBits.constprop.5
                0x000000000800ec94      0x184 Src/picojpeg.o
 .text.processMarkers
                0x000000000800ee18      0xae4 Src/picojpeg.o
 .text.getBits  0x000000000800f8fc      0x32c Src/picojpeg.o
 .text.pjpeg_decode_mcu
                0x000000000800fc28     0x1684 Src/picojpeg.o
                0x000000000800fc28                pjpeg_decode_mcu
 .text.pjpeg_decode_init
                0x00000000080112ac      0x7d4 Src/picojpeg.o
                0x00000000080112ac                pjpeg_decode_init
 .text.Reset_Handler
                0x0000000008011a80       0x50 Src/startup_stm32f746xx.o
                0x0000000008011a80                Reset_Handler
 .text.Default_Handler
                0x0000000008011ad0        0x2 Src/startup_stm32f746xx.o
                0x0000000008011ad0                RTC_Alarm_IRQHandler
                0x0000000008011ad0                EXTI2_IRQHandler
                0x0000000008011ad0                TIM8_CC_IRQHandler
                0x0000000008011ad0                UART8_IRQHandler
                0x0000000008011ad0                SPI4_IRQHandler
                0x0000000008011ad0                TIM1_CC_IRQHandler
                0x0000000008011ad0                DMA2_Stream5_IRQHandler
                0x0000000008011ad0                DMA1_Stream5_IRQHandler
                0x0000000008011ad0                PVD_IRQHandler
                0x0000000008011ad0                TAMP_STAMP_IRQHandler
                0x0000000008011ad0                CAN2_RX1_IRQHandler
                0x0000000008011ad0                EXTI3_IRQHandler
                0x0000000008011ad0                TIM8_TRG_COM_TIM14_IRQHandler
                0x0000000008011ad0                TIM1_UP_TIM10_IRQHandler
                0x0000000008011ad0                TIM8_UP_TIM13_IRQHandler
                0x0000000008011ad0                I2C3_ER_IRQHandler
                0x0000000008011ad0                EXTI0_IRQHandler
                0x0000000008011ad0                I2C2_EV_IRQHandler
                0x0000000008011ad0                DMA1_Stream2_IRQHandler
                0x0000000008011ad0                CAN1_RX0_IRQHandler
                0x0000000008011ad0                FPU_IRQHandler
                0x0000000008011ad0                OTG_HS_WKUP_IRQHandler
                0x0000000008011ad0                LTDC_ER_IRQHandler
                0x0000000008011ad0                CAN2_SCE_IRQHandler
                0x0000000008011ad0                DMA2_Stream2_IRQHandler
                0x0000000008011ad0                SPI1_IRQHandler
                0x0000000008011ad0                TIM6_DAC_IRQHandler
                0x0000000008011ad0                TIM1_BRK_TIM9_IRQHandler
                0x0000000008011ad0                DCMI_IRQHandler
                0x0000000008011ad0                CAN2_RX0_IRQHandler
                0x0000000008011ad0                DMA2_Stream3_IRQHandler
                0x0000000008011ad0                SAI2_IRQHandler
                0x0000000008011ad0                USART6_IRQHandler
                0x0000000008011ad0                USART3_IRQHandler
                0x0000000008011ad0                CAN1_RX1_IRQHandler
                0x0000000008011ad0                UART5_IRQHandler
                0x0000000008011ad0                DMA2_Stream0_IRQHandler
                0x0000000008011ad0                TIM4_IRQHandler
                0x0000000008011ad0                QUADSPI_IRQHandler
                0x0000000008011ad0                I2C1_EV_IRQHandler
                0x0000000008011ad0                DMA1_Stream6_IRQHandler
                0x0000000008011ad0                DMA1_Stream1_IRQHandler
                0x0000000008011ad0                UART4_IRQHandler
                0x0000000008011ad0                TIM3_IRQHandler
                0x0000000008011ad0                RCC_IRQHandler
                0x0000000008011ad0                TIM8_BRK_TIM12_IRQHandler
                0x0000000008011ad0                Default_Handler
                0x0000000008011ad0                CEC_IRQHandler
                0x0000000008011ad0                EXTI15_10_IRQHandler
                0x0000000008011ad0                ADC_IRQHandler
                0x0000000008011ad0                DMA1_Stream7_IRQHandler
                0x0000000008011ad0                SPI5_IRQHandler
                0x0000000008011ad0                TIM7_IRQHandler
                0x0000000008011ad0                SDMMC1_IRQHandler
                0x0000000008011ad0                CAN2_TX_IRQHandler
                0x0000000008011ad0                TIM5_IRQHandler
                0x0000000008011ad0                DMA2_Stream7_IRQHandler
                0x0000000008011ad0                I2C3_EV_IRQHandler
                0x0000000008011ad0                EXTI9_5_IRQHandler
                0x0000000008011ad0                RTC_WKUP_IRQHandler
                0x0000000008011ad0                LTDC_IRQHandler
                0x0000000008011ad0                ETH_WKUP_IRQHandler
                0x0000000008011ad0                SPDIF_RX_IRQHandler
                0x0000000008011ad0                SPI2_IRQHandler
                0x0000000008011ad0                OTG_HS_EP1_IN_IRQHandler
                0x0000000008011ad0                DMA1_Stream0_IRQHandler
                0x0000000008011ad0                CAN1_TX_IRQHandler
                0x0000000008011ad0                EXTI4_IRQHandler
                0x0000000008011ad0                RNG_IRQHandler
                0x0000000008011ad0                ETH_IRQHandler
                0x0000000008011ad0                OTG_HS_EP1_OUT_IRQHandler
                0x0000000008011ad0                WWDG_IRQHandler
                0x0000000008011ad0                SPI6_IRQHandler
                0x0000000008011ad0                I2C4_EV_IRQHandler
                0x0000000008011ad0                TIM2_IRQHandler
                0x0000000008011ad0                OTG_FS_WKUP_IRQHandler
                0x0000000008011ad0                TIM1_TRG_COM_TIM11_IRQHandler
                0x0000000008011ad0                OTG_HS_IRQHandler
                0x0000000008011ad0                DMA2D_IRQHandler
                0x0000000008011ad0                EXTI1_IRQHandler
                0x0000000008011ad0                UART7_IRQHandler
                0x0000000008011ad0                USART2_IRQHandler
                0x0000000008011ad0                I2C2_ER_IRQHandler
                0x0000000008011ad0                DMA2_Stream1_IRQHandler
                0x0000000008011ad0                CAN1_SCE_IRQHandler
                0x0000000008011ad0                FLASH_IRQHandler
                0x0000000008011ad0                DMA2_Stream4_IRQHandler
                0x0000000008011ad0                USART1_IRQHandler
                0x0000000008011ad0                OTG_FS_IRQHandler
                0x0000000008011ad0                SPI3_IRQHandler
                0x0000000008011ad0                DMA1_Stream4_IRQHandler
                0x0000000008011ad0                I2C1_ER_IRQHandler
                0x0000000008011ad0                FMC_IRQHandler
                0x0000000008011ad0                LPTIM1_IRQHandler
                0x0000000008011ad0                I2C4_ER_IRQHandler
                0x0000000008011ad0                DMA2_Stream6_IRQHandler
                0x0000000008011ad0                SAI1_IRQHandler
                0x0000000008011ad0                DMA1_Stream3_IRQHandler
 *fill*         0x0000000008011ad2        0x2 
 .text.HAL_I2C_MspInit
                0x0000000008011ad4       0x88 Src/stm32f7xx_hal_msp.o
                0x0000000008011ad4                HAL_I2C_MspInit
 .text.HAL_SPI_MspInit
                0x0000000008011b5c       0x9c Src/stm32f7xx_hal_msp.o
                0x0000000008011b5c                HAL_SPI_MspInit
 .text.HAL_UART_MspInit
                0x0000000008011bf8       0xe0 Src/stm32f7xx_hal_msp.o
                0x0000000008011bf8                HAL_UART_MspInit
 .text.HAL_LTDC_MspInit
                0x0000000008011cd8      0x128 Src/stm32f7xx_hal_msp.o
                0x0000000008011cd8                HAL_LTDC_MspInit
 .text.NMI_Handler
                0x0000000008011e00        0x4 Src/stm32f7xx_it.o
                0x0000000008011e00                NMI_Handler
 .text.HardFault_Handler
                0x0000000008011e04        0x4 Src/stm32f7xx_it.o
                0x0000000008011e04                HardFault_Handler
 .text.MemManage_Handler
                0x0000000008011e08        0x4 Src/stm32f7xx_it.o
                0x0000000008011e08                MemManage_Handler
 .text.BusFault_Handler
                0x0000000008011e0c        0x4 Src/stm32f7xx_it.o
                0x0000000008011e0c                BusFault_Handler
 .text.UsageFault_Handler
                0x0000000008011e10        0x4 Src/stm32f7xx_it.o
                0x0000000008011e10                UsageFault_Handler
 .text.SVC_Handler
                0x0000000008011e14        0x4 Src/stm32f7xx_it.o
                0x0000000008011e14                SVC_Handler
 .text.DebugMon_Handler
                0x0000000008011e18        0x4 Src/stm32f7xx_it.o
                0x0000000008011e18                DebugMon_Handler
 .text.PendSV_Handler
                0x0000000008011e1c        0x4 Src/stm32f7xx_it.o
                0x0000000008011e1c                PendSV_Handler
 .text.SysTick_Handler
                0x0000000008011e20        0x4 Src/stm32f7xx_it.o
                0x0000000008011e20                SysTick_Handler
 .text.SystemInit
                0x0000000008011e24       0x50 Src/system_stm32f7xx.o
                0x0000000008011e24                SystemInit
 .text.depthwise_kernel3x3_stride1_inplace_CHW_fpreq
                0x0000000008011e74      0x5ec Src/TinyEngine/codegen/Source/depthwise_kernel3x3_stride1_inplace_CHW_fpreq.o
                0x0000000008011e74                depthwise_kernel3x3_stride1_inplace_CHW_fpreq
 .text.depthwise_kernel3x3_stride1_inplace_kernel_CHW_fpreq_bitmask
                0x0000000008012460      0x390 Src/TinyEngine/codegen/Source/depthwise_kernel3x3_stride1_inplace_CHW_fpreq_bitmask.o
                0x0000000008012460                depthwise_kernel3x3_stride1_inplace_kernel_CHW_fpreq_bitmask
 .text.depthwise_kernel3x3_stride1_inplace_CHW_fpreq_bitmask
                0x00000000080127f0      0x3f0 Src/TinyEngine/codegen/Source/depthwise_kernel3x3_stride1_inplace_CHW_fpreq_bitmask.o
                0x00000000080127f0                depthwise_kernel3x3_stride1_inplace_CHW_fpreq_bitmask
 .text.depthwise_kernel3x3_stride2_inplace_CHW_fpreq
                0x0000000008012be0      0x618 Src/TinyEngine/codegen/Source/depthwise_kernel3x3_stride2_inplace_CHW_fpreq.o
                0x0000000008012be0                depthwise_kernel3x3_stride2_inplace_CHW_fpreq
 .text.depthwise_kernel5x5_stride1_inplace_CHW_fpreq_bitmask
                0x00000000080131f8      0x6d8 Src/TinyEngine/codegen/Source/depthwise_kernel5x5_stride1_inplace_CHW_fpreq_bitmask.o
                0x00000000080131f8                depthwise_kernel5x5_stride1_inplace_CHW_fpreq_bitmask
 .text.depthwise_kernel7x7_stride1_inplace_kernel_CHW_fpreq
                0x00000000080138d0      0x784 Src/TinyEngine/codegen/Source/depthwise_kernel7x7_stride1_inplace_CHW_fpreq.o
                0x00000000080138d0                depthwise_kernel7x7_stride1_inplace_kernel_CHW_fpreq
 .text.depthwise_kernel7x7_stride1_inplace_CHW_fpreq
                0x0000000008014054      0x1cc Src/TinyEngine/codegen/Source/depthwise_kernel7x7_stride1_inplace_CHW_fpreq.o
                0x0000000008014054                depthwise_kernel7x7_stride1_inplace_CHW_fpreq
 .text.depthwise_kernel7x7_stride2_inplace_kernel_CHW_fpreq
                0x0000000008014220      0x7d8 Src/TinyEngine/codegen/Source/depthwise_kernel7x7_stride2_inplace_CHW_fpreq.o
                0x0000000008014220                depthwise_kernel7x7_stride2_inplace_kernel_CHW_fpreq
 .text.depthwise_kernel7x7_stride2_inplace_CHW_fpreq
                0x00000000080149f8      0x1cc Src/TinyEngine/codegen/Source/depthwise_kernel7x7_stride2_inplace_CHW_fpreq.o
                0x00000000080149f8                depthwise_kernel7x7_stride2_inplace_CHW_fpreq
 .text.depthwise_kernel7x7_stride2_inplace_kernel_CHW_fpreq_bitmask
                0x0000000008014bc4      0x8b8 Src/TinyEngine/codegen/Source/depthwise_kernel7x7_stride2_inplace_CHW_fpreq_bitmask.o
                0x0000000008014bc4                depthwise_kernel7x7_stride2_inplace_kernel_CHW_fpreq_bitmask
 .text.depthwise_kernel7x7_stride2_inplace_CHW_fpreq_bitmask
                0x000000000801547c      0x244 Src/TinyEngine/codegen/Source/depthwise_kernel7x7_stride2_inplace_CHW_fpreq_bitmask.o
                0x000000000801547c                depthwise_kernel7x7_stride2_inplace_CHW_fpreq_bitmask
 .text.getInput
                0x00000000080156c0        0x8 Src/TinyEngine/codegen/Source/genModel.o
                0x00000000080156c0                getInput
 .text.getOutput
                0x00000000080156c8        0x8 Src/TinyEngine/codegen/Source/genModel.o
                0x00000000080156c8                getOutput
 .text.invoke   0x00000000080156d0     0x2f58 Src/TinyEngine/codegen/Source/genModel.o
                0x00000000080156d0                invoke
 .text.invoke_inf
                0x0000000008018628      0xfac Src/TinyEngine/codegen/Source/genModel.o
                0x0000000008018628                invoke_inf
 .text.group_mac_kernel8_4row_fp_uniweight_reuse_output_input
                0x00000000080195d4      0xc4c Src/TinyEngine/src/kernels/fp_backward_op/group_conv_fp_kernel8_stride1_pad0.o
 .text.group_conv_fp_kernel8_stride1_pad0_in8x8_out1x1_uniweight_4row16col_inplace
                0x000000000801a220     0x4220 Src/TinyEngine/src/kernels/fp_backward_op/group_conv_fp_kernel8_stride1_pad0.o
                0x000000000801a220                group_conv_fp_kernel8_stride1_pad0_in8x8_out1x1_uniweight_4row16col_inplace
 .text.group_pointwise_conv_fp_in1x1_out1x1_1row10col_uniweight_int8input_inplace
                0x000000000801e440      0x2e0 Src/TinyEngine/src/kernels/fp_backward_op/group_pointwise_conv_fp.o
                0x000000000801e440                group_pointwise_conv_fp_in1x1_out1x1_1row10col_uniweight_int8input_inplace
 .text.LogSoftmax
                0x000000000801e720       0xe0 Src/TinyEngine/src/kernels/fp_backward_op/log_softmax_fp.o
                0x000000000801e720                LogSoftmax
 .text.mul      0x000000000801e800       0x20 Src/TinyEngine/src/kernels/fp_backward_op/mul_fp.o
                0x000000000801e800                mul
 .text.nll_loss
                0x000000000801e820       0x4c Src/TinyEngine/src/kernels/fp_backward_op/nll_loss_fp.o
                0x000000000801e820                nll_loss
 .text.pointwise_conv_fp_1row10col_10inputdepth_IOHW_int8weight
                0x000000000801e86c      0x754 Src/TinyEngine/src/kernels/fp_backward_op/pointwise_conv_fp.o
                0x000000000801e86c                pointwise_conv_fp_1row10col_10inputdepth_IOHW_int8weight
 .text.pointwise_conv_fp_4row4col_IOHW_int8weight
                0x000000000801efc0      0xb6c Src/TinyEngine/src/kernels/fp_backward_op/pointwise_conv_fp.o
                0x000000000801efc0                pointwise_conv_fp_4row4col_IOHW_int8weight
 .text.pointwise_conv_fp_4row4col_IOHW_int8weight_partialCH_8innercol
                0x000000000801fb2c     0x1650 Src/TinyEngine/src/kernels/fp_backward_op/pointwise_conv_fp.o
                0x000000000801fb2c                pointwise_conv_fp_4row4col_IOHW_int8weight_partialCH_8innercol
 .text.pointwise_conv_fp_4row4col_IOHW_int8weight_partialCH_4innercol
                0x000000000802117c      0xd68 Src/TinyEngine/src/kernels/fp_backward_op/pointwise_conv_fp.o
                0x000000000802117c                pointwise_conv_fp_4row4col_IOHW_int8weight_partialCH_4innercol
 .text.strided_slice_4Dto4D
                0x0000000008021ee4      0x160 Src/TinyEngine/src/kernels/fp_backward_op/strided_slice_4Dto4D_fp.o
                0x0000000008021ee4                strided_slice_4Dto4D
 .text.sub      0x0000000008022044       0x20 Src/TinyEngine/src/kernels/fp_backward_op/sub_fp.o
                0x0000000008022044                sub
 .text.sum_3D   0x0000000008022064      0x12c Src/TinyEngine/src/kernels/fp_backward_op/sum_3D_fp.o
                0x0000000008022064                sum_3D
 .text.sum_4D_exclude
                0x0000000008022190      0x1f8 Src/TinyEngine/src/kernels/fp_backward_op/sum_4D_exclude_fp.o
                0x0000000008022190                sum_4D_exclude
 .text.transpose_depthwise_conv_fp_kernel3_stride1_inpad1_outpad0_IOHW_int8weight
                0x0000000008022388      0x340 Src/TinyEngine/src/kernels/fp_backward_op/transpose_depthwise_conv_fp_kernel3_stride1_inpad1_outpad0.o
                0x0000000008022388                transpose_depthwise_conv_fp_kernel3_stride1_inpad1_outpad0_IOHW_int8weight
 .text.transpose_depthwise_conv_fp_kernel5_stride1_inpad2_outpad0_IOHW_int8weight
                0x00000000080226c8      0x554 Src/TinyEngine/src/kernels/fp_backward_op/transpose_depthwise_conv_fp_kernel5_stride1_inpad2_outpad0.o
                0x00000000080226c8                transpose_depthwise_conv_fp_kernel5_stride1_inpad2_outpad0_IOHW_int8weight
 .text.transpose_depthwise_conv_fp_kernel7_stride2_inpad3_outpad1_IOHW_int8weight
                0x0000000008022c1c      0xae4 Src/TinyEngine/src/kernels/fp_backward_op/transpose_depthwise_conv_fp_kernel7_stride2_inpad3_outpad1.o
                0x0000000008022c1c                transpose_depthwise_conv_fp_kernel7_stride2_inpad3_outpad1_IOHW_int8weight
 .text.tte_exp  0x0000000008023700       0x34 Src/TinyEngine/src/kernels/fp_backward_op/tte_exp_fp.o
                0x0000000008023700                tte_exp
 .text.where_zeros_inplace_bit
                0x0000000008023734       0x4c Src/TinyEngine/src/kernels/fp_backward_op/where_fp.o
                0x0000000008023734                where_zeros_inplace_bit
 .text.add_fpreq
                0x0000000008023780       0x9c Src/TinyEngine/src/kernels/fp_requantize_op/add_fpreq.o
                0x0000000008023780                add_fpreq
 .text.add_fpreq_bitmask
                0x000000000802381c       0xec Src/TinyEngine/src/kernels/fp_requantize_op/add_fpreq.o
                0x000000000802381c                add_fpreq_bitmask
 .text.convolve_1x1_s8_ch16_fpreq
                0x0000000008023908      0x1c0 Src/TinyEngine/src/kernels/fp_requantize_op/convolve_1x1_s8_ch16_fpreq.o
                0x0000000008023908                convolve_1x1_s8_ch16_fpreq
 .text.convolve_1x1_s8_ch24_fpreq
                0x0000000008023ac8      0x1c0 Src/TinyEngine/src/kernels/fp_requantize_op/convolve_1x1_s8_ch24_fpreq.o
                0x0000000008023ac8                convolve_1x1_s8_ch24_fpreq
 .text.convolve_1x1_s8_ch48_fpreq
                0x0000000008023c88      0x1c0 Src/TinyEngine/src/kernels/fp_requantize_op/convolve_1x1_s8_ch48_fpreq.o
                0x0000000008023c88                convolve_1x1_s8_ch48_fpreq
 .text.convolve_1x1_s8_ch8_fpreq
                0x0000000008023e48      0x1c0 Src/TinyEngine/src/kernels/fp_requantize_op/convolve_1x1_s8_ch8_fpreq.o
                0x0000000008023e48                convolve_1x1_s8_ch8_fpreq
 .text.convolve_1x1_s8_fpreq
                0x0000000008024008      0x1c8 Src/TinyEngine/src/kernels/fp_requantize_op/convolve_1x1_s8_fpreq.o
                0x0000000008024008                convolve_1x1_s8_fpreq
 .text.convolve_1x1_s8_fpreq_bitmask
                0x00000000080241d0      0x244 Src/TinyEngine/src/kernels/fp_requantize_op/convolve_1x1_s8_fpreq_mask.o
                0x00000000080241d0                convolve_1x1_s8_fpreq_bitmask
 .text.convolve_1x1_s8_fpreq_bitmask_partialCH
                0x0000000008024414      0x538 Src/TinyEngine/src/kernels/fp_requantize_op/convolve_1x1_s8_fpreq_mask_partialCH.o
                0x0000000008024414                convolve_1x1_s8_fpreq_bitmask_partialCH
 .text.convolve_s8_kernel3_inputch3_stride2_pad1_fpreq
                0x000000000802494c      0x660 Src/TinyEngine/src/kernels/fp_requantize_op/convolve_s8_kernel3_inputch3_stride2_pad1_fpreq.o
                0x000000000802494c                convolve_s8_kernel3_inputch3_stride2_pad1_fpreq
 .text.mat_mult_kernel_s8_s16_reordered_ch48_fpreq
                0x0000000008024fac      0x4d8 Src/TinyEngine/src/kernels/fp_requantize_op/mat_mul_kernels_fpreq.o
                0x0000000008024fac                mat_mult_kernel_s8_s16_reordered_ch48_fpreq
 .text.mat_mult_kernel_s8_s16_reordered_ch16_fpreq
                0x0000000008025484      0x27c Src/TinyEngine/src/kernels/fp_requantize_op/mat_mul_kernels_fpreq.o
                0x0000000008025484                mat_mult_kernel_s8_s16_reordered_ch16_fpreq
 .text.mat_mult_kernel_s8_s16_reordered_ch24_fpreq
                0x0000000008025700      0x314 Src/TinyEngine/src/kernels/fp_requantize_op/mat_mul_kernels_fpreq.o
                0x0000000008025700                mat_mult_kernel_s8_s16_reordered_ch24_fpreq
 .text.mat_mult_kernel_s8_s16_reordered_fpreq
                0x0000000008025a14      0x2a4 Src/TinyEngine/src/kernels/fp_requantize_op/mat_mul_kernels_fpreq.o
                0x0000000008025a14                mat_mult_kernel_s8_s16_reordered_fpreq
 .text.mat_mult_kernel_s8_s16_reordered_fpreq_bitmask
                0x0000000008025cb8      0x2bc Src/TinyEngine/src/kernels/fp_requantize_op/mat_mul_kernels_fpreq.o
                0x0000000008025cb8                mat_mult_kernel_s8_s16_reordered_fpreq_bitmask
 .text.mat_mult_kernel_s8_s16_reordered_fpreq_bitmask_partialCH
                0x0000000008025f74      0x38c Src/TinyEngine/src/kernels/fp_requantize_op/mat_mul_kernels_fpreq.o
                0x0000000008025f74                mat_mult_kernel_s8_s16_reordered_fpreq_bitmask_partialCH
 .text.mat_mult_kernel_s8_s16_reordered_fpreq_bitmask_partialCH_Multiple2
                0x0000000008026300      0x398 Src/TinyEngine/src/kernels/fp_requantize_op/mat_mul_kernels_fpreq.o
                0x0000000008026300                mat_mult_kernel_s8_s16_reordered_fpreq_bitmask_partialCH_Multiple2
 .text.mat_mult_kernel3_input3_s8_s16_fpreq
                0x0000000008026698      0x2d4 Src/TinyEngine/src/kernels/fp_requantize_op/mat_mul_kernels_fpreq.o
                0x0000000008026698                mat_mult_kernel3_input3_s8_s16_fpreq
 .text.avg_pooling
                0x000000000802696c       0xe0 Src/TinyEngine/src/kernels/int_forward_op/avgpooling.o
                0x000000000802696c                avg_pooling
 .text.__io_putchar
                0x0000000008026a4c       0x28 Src/sys/_io.o
                0x0000000008026a4c                __io_putchar
 .text.__io_getchar
                0x0000000008026a74       0x20 Src/sys/_io.o
                0x0000000008026a74                __io_getchar
 .text._write   0x0000000008026a94       0x1c Src/sys/stubs.o
                0x0000000008026a94                _write
 .text._read    0x0000000008026ab0       0x1c Src/sys/stubs.o
                0x0000000008026ab0                _read
 .text._close   0x0000000008026acc        0x8 Src/sys/stubs.o
                0x0000000008026acc                _close
 .text._fstat   0x0000000008026ad4        0x8 Src/sys/stubs.o
                0x0000000008026ad4                _fstat
 .text._isatty  0x0000000008026adc        0x8 Src/sys/stubs.o
                0x0000000008026adc                _isatty
 .text._lseek   0x0000000008026ae4        0x8 Src/sys/stubs.o
                0x0000000008026ae4                _lseek
 .text._exit    0x0000000008026aec        0x4 Src/sys/stubs.o
                0x0000000008026aec                _exit
 .text._ZdaPv   0x0000000008026af0        0x4 /home/tetesting/st/stm32cubeide_1.5.0/plugins/com.st.stm32cube.ide.mcu.externaltools.gnu-tools-for-stm32.7-2018-q2-update.linux64_1.5.0.202011040924/tools/bin/../lib/gcc/arm-none-eabi/7.3.1/../../../../arm-none-eabi/lib/thumb/v7e-m/fpv4-sp/hard/libstdc++.a(del_opv.o)
                0x0000000008026af0                operator delete[](void*)
 .text._Znaj    0x0000000008026af4        0x4 /home/tetesting/st/stm32cubeide_1.5.0/plugins/com.st.stm32cube.ide.mcu.externaltools.gnu-tools-for-stm32.7-2018-q2-update.linux64_1.5.0.202011040924/tools/bin/../lib/gcc/arm-none-eabi/7.3.1/../../../../arm-none-eabi/lib/thumb/v7e-m/fpv4-sp/hard/libstdc++.a(new_opv.o)
                0x0000000008026af4                operator new[](unsigned int)
 .text._Znwj    0x0000000008026af8       0x3c /home/tetesting/st/stm32cubeide_1.5.0/plugins/com.st.stm32cube.ide.mcu.externaltools.gnu-tools-for-stm32.7-2018-q2-update.linux64_1.5.0.202011040924/tools/bin/../lib/gcc/arm-none-eabi/7.3.1/../../../../arm-none-eabi/lib/thumb/v7e-m/fpv4-sp/hard/libstdc++.a(new_op.o)
                0x0000000008026af8                operator new(unsigned int)
 .text._ZSt15get_new_handlerv
                0x0000000008026b34       0x10 /home/tetesting/st/stm32cubeide_1.5.0/plugins/com.st.stm32cube.ide.mcu.externaltools.gnu-tools-for-stm32.7-2018-q2-update.linux64_1.5.0.202011040924/tools/bin/../lib/gcc/arm-none-eabi/7.3.1/../../../../arm-none-eabi/lib/thumb/v7e-m/fpv4-sp/hard/libstdc++.a(new_handler.o)
                0x0000000008026b34                std::get_new_handler()
 .text._ZdlPv   0x0000000008026b44        0x4 /home/tetesting/st/stm32cubeide_1.5.0/plugins/com.st.stm32cube.ide.mcu.externaltools.gnu-tools-for-stm32.7-2018-q2-update.linux64_1.5.0.202011040924/tools/bin/../lib/gcc/arm-none-eabi/7.3.1/../../../../arm-none-eabi/lib/thumb/v7e-m/fpv4-sp/hard/libstdc++.a(del_op.o)
                0x0000000008026b44                operator delete(void*)
 .text._ZN12_GLOBAL__N_14pool4freeEPv.constprop.4
                0x0000000008026b48       0x90 /home/tetesting/st/stm32cubeide_1.5.0/plugins/com.st.stm32cube.ide.mcu.externaltools.gnu-tools-for-stm32.7-2018-q2-update.linux64_1.5.0.202011040924/tools/bin/../lib/gcc/arm-none-eabi/7.3.1/../../../../arm-none-eabi/lib/thumb/v7e-m/fpv4-sp/hard/libstdc++.a(eh_alloc.o)
 .text._ZN12_GLOBAL__N_14pool8allocateEj.constprop.5
                0x0000000008026bd8       0x64 /home/tetesting/st/stm32cubeide_1.5.0/plugins/com.st.stm32cube.ide.mcu.externaltools.gnu-tools-for-stm32.7-2018-q2-update.linux64_1.5.0.202011040924/tools/bin/../lib/gcc/arm-none-eabi/7.3.1/../../../../arm-none-eabi/lib/thumb/v7e-m/fpv4-sp/hard/libstdc++.a(eh_alloc.o)
 .text.__cxa_allocate_exception
                0x0000000008026c3c       0x30 /home/tetesting/st/stm32cubeide_1.5.0/plugins/com.st.stm32cube.ide.mcu.externaltools.gnu-tools-for-stm32.7-2018-q2-update.linux64_1.5.0.202011040924/tools/bin/../lib/gcc/arm-none-eabi/7.3.1/../../../../arm-none-eabi/lib/thumb/v7e-m/fpv4-sp/hard/libstdc++.a(eh_alloc.o)
                0x0000000008026c3c                __cxa_allocate_exception
 .text.__cxa_free_exception
                0x0000000008026c6c       0x20 /home/tetesting/st/stm32cubeide_1.5.0/plugins/com.st.stm32cube.ide.mcu.externaltools.gnu-tools-for-stm32.7-2018-q2-update.linux64_1.5.0.202011040924/tools/bin/../lib/gcc/arm-none-eabi/7.3.1/../../../../arm-none-eabi/lib/thumb/v7e-m/fpv4-sp/hard/libstdc++.a(eh_alloc.o)
                0x0000000008026c6c                __cxa_free_exception
 .text.startup._GLOBAL__sub_I__ZN9__gnu_cxx9__freeresEv
                0x0000000008026c8c       0x28 /home/tetesting/st/stm32cubeide_1.5.0/plugins/com.st.stm32cube.ide.mcu.externaltools.gnu-tools-for-stm32.7-2018-q2-update.linux64_1.5.0.202011040924/tools/bin/../lib/gcc/arm-none-eabi/7.3.1/../../../../arm-none-eabi/lib/thumb/v7e-m/fpv4-sp/hard/libstdc++.a(eh_alloc.o)
 .text._ZNKSt9bad_alloc4whatEv
                0x0000000008026cb4        0x8 /home/tetesting/st/stm32cubeide_1.5.0/plugins/com.st.stm32cube.ide.mcu.externaltools.gnu-tools-for-stm32.7-2018-q2-update.linux64_1.5.0.202011040924/tools/bin/../lib/gcc/arm-none-eabi/7.3.1/../../../../arm-none-eabi/lib/thumb/v7e-m/fpv4-sp/hard/libstdc++.a(bad_alloc.o)
                0x0000000008026cb4                std::bad_alloc::what() const
 .text._ZNSt9bad_allocD2Ev
                0x0000000008026cbc       0x14 /home/tetesting/st/stm32cubeide_1.5.0/plugins/com.st.stm32cube.ide.mcu.externaltools.gnu-tools-for-stm32.7-2018-q2-update.linux64_1.5.0.202011040924/tools/bin/../lib/gcc/arm-none-eabi/7.3.1/../../../../arm-none-eabi/lib/thumb/v7e-m/fpv4-sp/hard/libstdc++.a(bad_alloc.o)
                0x0000000008026cbc                std::bad_alloc::~bad_alloc()
                0x0000000008026cbc                std::bad_alloc::~bad_alloc()
 .text._ZNSt9bad_allocD0Ev
                0x0000000008026cd0       0x1c /home/tetesting/st/stm32cubeide_1.5.0/plugins/com.st.stm32cube.ide.mcu.externaltools.gnu-tools-for-stm32.7-2018-q2-update.linux64_1.5.0.202011040924/tools/bin/../lib/gcc/arm-none-eabi/7.3.1/../../../../arm-none-eabi/lib/thumb/v7e-m/fpv4-sp/hard/libstdc++.a(bad_alloc.o)
                0x0000000008026cd0                std::bad_alloc::~bad_alloc()
 .text._ZdlPvj  0x0000000008026cec        0x4 /home/tetesting/st/stm32cubeide_1.5.0/plugins/com.st.stm32cube.ide.mcu.externaltools.gnu-tools-for-stm32.7-2018-q2-update.linux64_1.5.0.202011040924/tools/bin/../lib/gcc/arm-none-eabi/7.3.1/../../../../arm-none-eabi/lib/thumb/v7e-m/fpv4-sp/hard/libstdc++.a(del_ops.o)
                0x0000000008026cec                operator delete(void*, unsigned int)
 .text._ZL23__gxx_exception_cleanup19_Unwind_Reason_CodeP21_Unwind_Control_Block
                0x0000000008026cf0       0x44 /home/tetesting/st/stm32cubeide_1.5.0/plugins/com.st.stm32cube.ide.mcu.externaltools.gnu-tools-for-stm32.7-2018-q2-update.linux64_1.5.0.202011040924/tools/bin/../lib/gcc/arm-none-eabi/7.3.1/../../../../arm-none-eabi/lib/thumb/v7e-m/fpv4-sp/hard/libstdc++.a(eh_throw.o)
 .text.__cxa_init_primary_exception
                0x0000000008026d34       0x58 /home/tetesting/st/stm32cubeide_1.5.0/plugins/com.st.stm32cube.ide.mcu.externaltools.gnu-tools-for-stm32.7-2018-q2-update.linux64_1.5.0.202011040924/tools/bin/../lib/gcc/arm-none-eabi/7.3.1/../../../../arm-none-eabi/lib/thumb/v7e-m/fpv4-sp/hard/libstdc++.a(eh_throw.o)
                0x0000000008026d34                __cxa_init_primary_exception
 .text.__cxa_throw
                0x0000000008026d8c       0x38 /home/tetesting/st/stm32cubeide_1.5.0/plugins/com.st.stm32cube.ide.mcu.externaltools.gnu-tools-for-stm32.7-2018-q2-update.linux64_1.5.0.202011040924/tools/bin/../lib/gcc/arm-none-eabi/7.3.1/../../../../arm-none-eabi/lib/thumb/v7e-m/fpv4-sp/hard/libstdc++.a(eh_throw.o)
                0x0000000008026d8c                __cxa_throw
 .text.__cxa_rethrow
                0x0000000008026dc4       0x70 /home/tetesting/st/stm32cubeide_1.5.0/plugins/com.st.stm32cube.ide.mcu.externaltools.gnu-tools-for-stm32.7-2018-q2-update.linux64_1.5.0.202011040924/tools/bin/../lib/gcc/arm-none-eabi/7.3.1/../../../../arm-none-eabi/lib/thumb/v7e-m/fpv4-sp/hard/libstdc++.a(eh_throw.o)
                0x0000000008026dc4                __cxa_rethrow
 .text.__cxa_begin_catch
                0x0000000008026e34       0x80 /home/tetesting/st/stm32cubeide_1.5.0/plugins/com.st.stm32cube.ide.mcu.externaltools.gnu-tools-for-stm32.7-2018-q2-update.linux64_1.5.0.202011040924/tools/bin/../lib/gcc/arm-none-eabi/7.3.1/../../../../arm-none-eabi/lib/thumb/v7e-m/fpv4-sp/hard/libstdc++.a(eh_catch.o)
                0x0000000008026e34                __cxa_begin_catch
 .text.__cxa_end_catch
                0x0000000008026eb4       0x88 /home/tetesting/st/stm32cubeide_1.5.0/plugins/com.st.stm32cube.ide.mcu.externaltools.gnu-tools-for-stm32.7-2018-q2-update.linux64_1.5.0.202011040924/tools/bin/../lib/gcc/arm-none-eabi/7.3.1/../../../../arm-none-eabi/lib/thumb/v7e-m/fpv4-sp/hard/libstdc++.a(eh_catch.o)
                0x0000000008026eb4                __cxa_end_catch
 .text._ZN10__cxxabiv120__si_class_type_infoD2Ev
                0x0000000008026f3c       0x14 /home/tetesting/st/stm32cubeide_1.5.0/plugins/com.st.stm32cube.ide.mcu.externaltools.gnu-tools-for-stm32.7-2018-q2-update.linux64_1.5.0.202011040924/tools/bin/../lib/gcc/arm-none-eabi/7.3.1/../../../../arm-none-eabi/lib/thumb/v7e-m/fpv4-sp/hard/libstdc++.a(si_class_type_info.o)
                0x0000000008026f3c                __cxxabiv1::__si_class_type_info::~__si_class_type_info()
                0x0000000008026f3c                __cxxabiv1::__si_class_type_info::~__si_class_type_info()
 .text._ZN10__cxxabiv120__si_class_type_infoD0Ev
                0x0000000008026f50       0x1c /home/tetesting/st/stm32cubeide_1.5.0/plugins/com.st.stm32cube.ide.mcu.externaltools.gnu-tools-for-stm32.7-2018-q2-update.linux64_1.5.0.202011040924/tools/bin/../lib/gcc/arm-none-eabi/7.3.1/../../../../arm-none-eabi/lib/thumb/v7e-m/fpv4-sp/hard/libstdc++.a(si_class_type_info.o)
                0x0000000008026f50                __cxxabiv1::__si_class_type_info::~__si_class_type_info()
 .text._ZNK10__cxxabiv120__si_class_type_info20__do_find_public_srcEiPKvPKNS_17__class_type_infoES2_
                0x0000000008026f6c       0x3c /home/tetesting/st/stm32cubeide_1.5.0/plugins/com.st.stm32cube.ide.mcu.externaltools.gnu-tools-for-stm32.7-2018-q2-update.linux64_1.5.0.202011040924/tools/bin/../lib/gcc/arm-none-eabi/7.3.1/../../../../arm-none-eabi/lib/thumb/v7e-m/fpv4-sp/hard/libstdc++.a(si_class_type_info.o)
                0x0000000008026f6c                __cxxabiv1::__si_class_type_info::__do_find_public_src(int, void const*, __cxxabiv1::__class_type_info const*, void const*) const
 .text._ZNK10__cxxabiv120__si_class_type_info12__do_dyncastEiNS_17__class_type_info10__sub_kindEPKS1_PKvS4_S6_RNS1_16__dyncast_resultE
                0x0000000008026fa8       0x80 /home/tetesting/st/stm32cubeide_1.5.0/plugins/com.st.stm32cube.ide.mcu.externaltools.gnu-tools-for-stm32.7-2018-q2-update.linux64_1.5.0.202011040924/tools/bin/../lib/gcc/arm-none-eabi/7.3.1/../../../../arm-none-eabi/lib/thumb/v7e-m/fpv4-sp/hard/libstdc++.a(si_class_type_info.o)
                0x0000000008026fa8                __cxxabiv1::__si_class_type_info::__do_dyncast(int, __cxxabiv1::__class_type_info::__sub_kind, __cxxabiv1::__class_type_info const*, void const*, __cxxabiv1::__class_type_info const*, void const*, __cxxabiv1::__class_type_info::__dyncast_result&) const
 .text._ZNK10__cxxabiv120__si_class_type_info11__do_upcastEPKNS_17__class_type_infoEPKvRNS1_15__upcast_resultE
                0x0000000008027028       0x2c /home/tetesting/st/stm32cubeide_1.5.0/plugins/com.st.stm32cube.ide.mcu.externaltools.gnu-tools-for-stm32.7-2018-q2-update.linux64_1.5.0.202011040924/tools/bin/../lib/gcc/arm-none-eabi/7.3.1/../../../../arm-none-eabi/lib/thumb/v7e-m/fpv4-sp/hard/libstdc++.a(si_class_type_info.o)
                0x0000000008027028                __cxxabiv1::__si_class_type_info::__do_upcast(__cxxabiv1::__class_type_info const*, void const*, __cxxabiv1::__class_type_info::__upcast_result&) const
 .text._ZN10__cxxabiv111__terminateEPFvvE
                0x0000000008027054       0x28 /home/tetesting/st/stm32cubeide_1.5.0/plugins/com.st.stm32cube.ide.mcu.externaltools.gnu-tools-for-stm32.7-2018-q2-update.linux64_1.5.0.202011040924/tools/bin/../lib/gcc/arm-none-eabi/7.3.1/../../../../arm-none-eabi/lib/thumb/v7e-m/fpv4-sp/hard/libstdc++.a(eh_terminate.o)
                0x0000000008027054                __cxxabiv1::__terminate(void (*)())
 .text._ZSt9terminatev
                0x000000000802707c       0x14 /home/tetesting/st/stm32cubeide_1.5.0/plugins/com.st.stm32cube.ide.mcu.externaltools.gnu-tools-for-stm32.7-2018-q2-update.linux64_1.5.0.202011040924/tools/bin/../lib/gcc/arm-none-eabi/7.3.1/../../../../arm-none-eabi/lib/thumb/v7e-m/fpv4-sp/hard/libstdc++.a(eh_terminate.o)
                0x000000000802707c                std::terminate()
 .text._ZN10__cxxabiv112__unexpectedEPFvvE
                0x0000000008027090        0x8 /home/tetesting/st/stm32cubeide_1.5.0/plugins/com.st.stm32cube.ide.mcu.externaltools.gnu-tools-for-stm32.7-2018-q2-update.linux64_1.5.0.202011040924/tools/bin/../lib/gcc/arm-none-eabi/7.3.1/../../../../arm-none-eabi/lib/thumb/v7e-m/fpv4-sp/hard/libstdc++.a(eh_terminate.o)
                0x0000000008027090                __cxxabiv1::__unexpected(void (*)())
 .text._ZSt10unexpectedv
                0x0000000008027098       0x14 /home/tetesting/st/stm32cubeide_1.5.0/plugins/com.st.stm32cube.ide.mcu.externaltools.gnu-tools-for-stm32.7-2018-q2-update.linux64_1.5.0.202011040924/tools/bin/../lib/gcc/arm-none-eabi/7.3.1/../../../../arm-none-eabi/lib/thumb/v7e-m/fpv4-sp/hard/libstdc++.a(eh_terminate.o)
                0x0000000008027098                std::unexpected()
 .text._ZSt13get_terminatev
                0x00000000080270ac       0x10 /home/tetesting/st/stm32cubeide_1.5.0/plugins/com.st.stm32cube.ide.mcu.externaltools.gnu-tools-for-stm32.7-2018-q2-update.linux64_1.5.0.202011040924/tools/bin/../lib/gcc/arm-none-eabi/7.3.1/../../../../arm-none-eabi/lib/thumb/v7e-m/fpv4-sp/hard/libstdc++.a(eh_terminate.o)
                0x00000000080270ac                std::get_terminate()
 .text._ZSt14get_unexpectedv
                0x00000000080270bc       0x10 /home/tetesting/st/stm32cubeide_1.5.0/plugins/com.st.stm32cube.ide.mcu.externaltools.gnu-tools-for-stm32.7-2018-q2-update.linux64_1.5.0.202011040924/tools/bin/../lib/gcc/arm-none-eabi/7.3.1/../../../../arm-none-eabi/lib/thumb/v7e-m/fpv4-sp/hard/libstdc++.a(eh_terminate.o)
                0x00000000080270bc                std::get_unexpected()
 .text._ZNSt9exceptionD2Ev
                0x00000000080270cc        0x4 /home/tetesting/st/stm32cubeide_1.5.0/plugins/com.st.stm32cube.ide.mcu.externaltools.gnu-tools-for-stm32.7-2018-q2-update.linux64_1.5.0.202011040924/tools/bin/../lib/gcc/arm-none-eabi/7.3.1/../../../../arm-none-eabi/lib/thumb/v7e-m/fpv4-sp/hard/libstdc++.a(eh_exception.o)
                0x00000000080270cc                std::exception::~exception()
                0x00000000080270cc                std::exception::~exception()
 .text._ZNSt13bad_exceptionD2Ev
                0x00000000080270d0        0x4 /home/tetesting/st/stm32cubeide_1.5.0/plugins/com.st.stm32cube.ide.mcu.externaltools.gnu-tools-for-stm32.7-2018-q2-update.linux64_1.5.0.202011040924/tools/bin/../lib/gcc/arm-none-eabi/7.3.1/../../../../arm-none-eabi/lib/thumb/v7e-m/fpv4-sp/hard/libstdc++.a(eh_exception.o)
                0x00000000080270d0                std::bad_exception::~bad_exception()
                0x00000000080270d0                std::bad_exception::~bad_exception()
 .text._ZNKSt13bad_exception4whatEv
                0x00000000080270d4        0x8 /home/tetesting/st/stm32cubeide_1.5.0/plugins/com.st.stm32cube.ide.mcu.externaltools.gnu-tools-for-stm32.7-2018-q2-update.linux64_1.5.0.202011040924/tools/bin/../lib/gcc/arm-none-eabi/7.3.1/../../../../arm-none-eabi/lib/thumb/v7e-m/fpv4-sp/hard/libstdc++.a(eh_exception.o)
                0x00000000080270d4                transaction clone for std::bad_exception::what() const
                0x00000000080270d4                std::bad_exception::what() const
 .text._ZNSt13bad_exceptionD0Ev
                0x00000000080270dc       0x10 /home/tetesting/st/stm32cubeide_1.5.0/plugins/com.st.stm32cube.ide.mcu.externaltools.gnu-tools-for-stm32.7-2018-q2-update.linux64_1.5.0.202011040924/tools/bin/../lib/gcc/arm-none-eabi/7.3.1/../../../../arm-none-eabi/lib/thumb/v7e-m/fpv4-sp/hard/libstdc++.a(eh_exception.o)
                0x00000000080270dc                std::bad_exception::~bad_exception()
 .text._ZNSt9type_infoD2Ev
                0x00000000080270ec        0x4 /home/tetesting/st/stm32cubeide_1.5.0/plugins/com.st.stm32cube.ide.mcu.externaltools.gnu-tools-for-stm32.7-2018-q2-update.linux64_1.5.0.202011040924/tools/bin/../lib/gcc/arm-none-eabi/7.3.1/../../../../arm-none-eabi/lib/thumb/v7e-m/fpv4-sp/hard/libstdc++.a(tinfo.o)
                0x00000000080270ec                std::type_info::~type_info()
                0x00000000080270ec                std::type_info::~type_info()
 .text._ZNKSt9type_info14__is_pointer_pEv
                0x00000000080270f0        0x4 /home/tetesting/st/stm32cubeide_1.5.0/plugins/com.st.stm32cube.ide.mcu.externaltools.gnu-tools-for-stm32.7-2018-q2-update.linux64_1.5.0.202011040924/tools/bin/../lib/gcc/arm-none-eabi/7.3.1/../../../../arm-none-eabi/lib/thumb/v7e-m/fpv4-sp/hard/libstdc++.a(tinfo.o)
                0x00000000080270f0                std::type_info::__is_function_p() const
                0x00000000080270f0                std::type_info::__is_pointer_p() const
 .text._ZNKSt9type_infoeqERKS_
                0x00000000080270f4       0x2c /home/tetesting/st/stm32cubeide_1.5.0/plugins/com.st.stm32cube.ide.mcu.externaltools.gnu-tools-for-stm32.7-2018-q2-update.linux64_1.5.0.202011040924/tools/bin/../lib/gcc/arm-none-eabi/7.3.1/../../../../arm-none-eabi/lib/thumb/v7e-m/fpv4-sp/hard/libstdc++.a(tinfo.o)
                0x00000000080270f4                std::type_info::operator==(std::type_info const&) const
 .text._ZN10__cxxabiv1L24__is_gxx_exception_classEPc
                0x0000000008027120       0x3c /home/tetesting/st/stm32cubeide_1.5.0/plugins/com.st.stm32cube.ide.mcu.externaltools.gnu-tools-for-stm32.7-2018-q2-update.linux64_1.5.0.202011040924/tools/bin/../lib/gcc/arm-none-eabi/7.3.1/../../../../arm-none-eabi/lib/thumb/v7e-m/fpv4-sp/hard/libstdc++.a(eh_call.o)
 .text.__cxa_call_terminate
                0x000000000802715c       0x20 /home/tetesting/st/stm32cubeide_1.5.0/plugins/com.st.stm32cube.ide.mcu.externaltools.gnu-tools-for-stm32.7-2018-q2-update.linux64_1.5.0.202011040924/tools/bin/../lib/gcc/arm-none-eabi/7.3.1/../../../../arm-none-eabi/lib/thumb/v7e-m/fpv4-sp/hard/libstdc++.a(eh_call.o)
                0x000000000802715c                __cxa_call_terminate
 .text.__cxa_call_unexpected
                0x000000000802717c       0xdc /home/tetesting/st/stm32cubeide_1.5.0/plugins/com.st.stm32cube.ide.mcu.externaltools.gnu-tools-for-stm32.7-2018-q2-update.linux64_1.5.0.202011040924/tools/bin/../lib/gcc/arm-none-eabi/7.3.1/../../../../arm-none-eabi/lib/thumb/v7e-m/fpv4-sp/hard/libstdc++.a(eh_call.o)
                0x000000000802717c                __cxa_call_unexpected
 .text.__cxa_end_cleanup
                0x0000000008027258        0xc /home/tetesting/st/stm32cubeide_1.5.0/plugins/com.st.stm32cube.ide.mcu.externaltools.gnu-tools-for-stm32.7-2018-q2-update.linux64_1.5.0.202011040924/tools/bin/../lib/gcc/arm-none-eabi/7.3.1/../../../../arm-none-eabi/lib/thumb/v7e-m/fpv4-sp/hard/libstdc++.a(eh_arm.o)
                0x0000000008027258                __cxa_end_cleanup
 .text.__cxa_type_match
                0x0000000008027264       0xb0 /home/tetesting/st/stm32cubeide_1.5.0/plugins/com.st.stm32cube.ide.mcu.externaltools.gnu-tools-for-stm32.7-2018-q2-update.linux64_1.5.0.202011040924/tools/bin/../lib/gcc/arm-none-eabi/7.3.1/../../../../arm-none-eabi/lib/thumb/v7e-m/fpv4-sp/hard/libstdc++.a(eh_arm.o)
                0x0000000008027264                __cxa_type_match
 .text.__cxa_begin_cleanup
                0x0000000008027314       0x64 /home/tetesting/st/stm32cubeide_1.5.0/plugins/com.st.stm32cube.ide.mcu.externaltools.gnu-tools-for-stm32.7-2018-q2-update.linux64_1.5.0.202011040924/tools/bin/../lib/gcc/arm-none-eabi/7.3.1/../../../../arm-none-eabi/lib/thumb/v7e-m/fpv4-sp/hard/libstdc++.a(eh_arm.o)
                0x0000000008027314                __cxa_begin_cleanup
 .text.__gnu_end_cleanup
                0x0000000008027378       0x70 /home/tetesting/st/stm32cubeide_1.5.0/plugins/com.st.stm32cube.ide.mcu.externaltools.gnu-tools-for-stm32.7-2018-q2-update.linux64_1.5.0.202011040924/tools/bin/../lib/gcc/arm-none-eabi/7.3.1/../../../../arm-none-eabi/lib/thumb/v7e-m/fpv4-sp/hard/libstdc++.a(eh_arm.o)
                0x0000000008027378                __gnu_end_cleanup
 .text.__cxa_get_globals_fast
                0x00000000080273e8        0x8 /home/tetesting/st/stm32cubeide_1.5.0/plugins/com.st.stm32cube.ide.mcu.externaltools.gnu-tools-for-stm32.7-2018-q2-update.linux64_1.5.0.202011040924/tools/bin/../lib/gcc/arm-none-eabi/7.3.1/../../../../arm-none-eabi/lib/thumb/v7e-m/fpv4-sp/hard/libstdc++.a(eh_globals.o)
                0x00000000080273e8                __cxa_get_globals_fast
 .text.__cxa_get_globals
                0x00000000080273f0        0x8 /home/tetesting/st/stm32cubeide_1.5.0/plugins/com.st.stm32cube.ide.mcu.externaltools.gnu-tools-for-stm32.7-2018-q2-update.linux64_1.5.0.202011040924/tools/bin/../lib/gcc/arm-none-eabi/7.3.1/../../../../arm-none-eabi/lib/thumb/v7e-m/fpv4-sp/hard/libstdc++.a(eh_globals.o)
                0x00000000080273f0                __cxa_get_globals
 .text._ZL28read_encoded_value_with_basehjPKhPj
                0x00000000080273f8       0xc0 /home/tetesting/st/stm32cubeide_1.5.0/plugins/com.st.stm32cube.ide.mcu.externaltools.gnu-tools-for-stm32.7-2018-q2-update.linux64_1.5.0.202011040924/tools/bin/../lib/gcc/arm-none-eabi/7.3.1/../../../../arm-none-eabi/lib/thumb/v7e-m/fpv4-sp/hard/libstdc++.a(eh_personality.o)
 .text._ZL21base_of_encoded_valuehP15_Unwind_Context.part.3
                0x00000000080274b8       0x38 /home/tetesting/st/stm32cubeide_1.5.0/plugins/com.st.stm32cube.ide.mcu.externaltools.gnu-tools-for-stm32.7-2018-q2-update.linux64_1.5.0.202011040924/tools/bin/../lib/gcc/arm-none-eabi/7.3.1/../../../../arm-none-eabi/lib/thumb/v7e-m/fpv4-sp/hard/libstdc++.a(eh_personality.o)
 .text._ZL17parse_lsda_headerP15_Unwind_ContextPKhP16lsda_header_info
                0x00000000080274f0       0x94 /home/tetesting/st/stm32cubeide_1.5.0/plugins/com.st.stm32cube.ide.mcu.externaltools.gnu-tools-for-stm32.7-2018-q2-update.linux64_1.5.0.202011040924/tools/bin/../lib/gcc/arm-none-eabi/7.3.1/../../../../arm-none-eabi/lib/thumb/v7e-m/fpv4-sp/hard/libstdc++.a(eh_personality.o)
 .text.__gxx_personality_v0
                0x0000000008027584      0x4e4 /home/tetesting/st/stm32cubeide_1.5.0/plugins/com.st.stm32cube.ide.mcu.externaltools.gnu-tools-for-stm32.7-2018-q2-update.linux64_1.5.0.202011040924/tools/bin/../lib/gcc/arm-none-eabi/7.3.1/../../../../arm-none-eabi/lib/thumb/v7e-m/fpv4-sp/hard/libstdc++.a(eh_personality.o)
                0x0000000008027584                __gxx_personality_v0
 .text._ZNK10__cxxabiv117__class_type_info11__do_upcastEPKS0_PPv
                0x0000000008027a68       0x38 /home/tetesting/st/stm32cubeide_1.5.0/plugins/com.st.stm32cube.ide.mcu.externaltools.gnu-tools-for-stm32.7-2018-q2-update.linux64_1.5.0.202011040924/tools/bin/../lib/gcc/arm-none-eabi/7.3.1/../../../../arm-none-eabi/lib/thumb/v7e-m/fpv4-sp/hard/libstdc++.a(class_type_info.o)
                0x0000000008027a68                __cxxabiv1::__class_type_info::__do_upcast(__cxxabiv1::__class_type_info const*, void**) const
 .text._ZNK10__cxxabiv117__class_type_info20__do_find_public_srcEiPKvPKS0_S2_
                0x0000000008027aa0        0xc /home/tetesting/st/stm32cubeide_1.5.0/plugins/com.st.stm32cube.ide.mcu.externaltools.gnu-tools-for-stm32.7-2018-q2-update.linux64_1.5.0.202011040924/tools/bin/../lib/gcc/arm-none-eabi/7.3.1/../../../../arm-none-eabi/lib/thumb/v7e-m/fpv4-sp/hard/libstdc++.a(class_type_info.o)
                0x0000000008027aa0                __cxxabiv1::__class_type_info::__do_find_public_src(int, void const*, __cxxabiv1::__class_type_info const*, void const*) const
 .text._ZN10__cxxabiv117__class_type_infoD2Ev
                0x0000000008027aac       0x14 /home/tetesting/st/stm32cubeide_1.5.0/plugins/com.st.stm32cube.ide.mcu.externaltools.gnu-tools-for-stm32.7-2018-q2-update.linux64_1.5.0.202011040924/tools/bin/../lib/gcc/arm-none-eabi/7.3.1/../../../../arm-none-eabi/lib/thumb/v7e-m/fpv4-sp/hard/libstdc++.a(class_type_info.o)
                0x0000000008027aac                __cxxabiv1::__class_type_info::~__class_type_info()
                0x0000000008027aac                __cxxabiv1::__class_type_info::~__class_type_info()
 .text._ZN10__cxxabiv117__class_type_infoD0Ev
                0x0000000008027ac0       0x1c /home/tetesting/st/stm32cubeide_1.5.0/plugins/com.st.stm32cube.ide.mcu.externaltools.gnu-tools-for-stm32.7-2018-q2-update.linux64_1.5.0.202011040924/tools/bin/../lib/gcc/arm-none-eabi/7.3.1/../../../../arm-none-eabi/lib/thumb/v7e-m/fpv4-sp/hard/libstdc++.a(class_type_info.o)
                0x0000000008027ac0                __cxxabiv1::__class_type_info::~__class_type_info()
 .text._ZNK10__cxxabiv117__class_type_info12__do_dyncastEiNS0_10__sub_kindEPKS0_PKvS3_S5_RNS0_16__dyncast_resultE
                0x0000000008027adc       0x44 /home/tetesting/st/stm32cubeide_1.5.0/plugins/com.st.stm32cube.ide.mcu.externaltools.gnu-tools-for-stm32.7-2018-q2-update.linux64_1.5.0.202011040924/tools/bin/../lib/gcc/arm-none-eabi/7.3.1/../../../../arm-none-eabi/lib/thumb/v7e-m/fpv4-sp/hard/libstdc++.a(class_type_info.o)
                0x0000000008027adc                __cxxabiv1::__class_type_info::__do_dyncast(int, __cxxabiv1::__class_type_info::__sub_kind, __cxxabiv1::__class_type_info const*, void const*, __cxxabiv1::__class_type_info const*, void const*, __cxxabiv1::__class_type_info::__dyncast_result&) const
 .text._ZNK10__cxxabiv117__class_type_info11__do_upcastEPKS0_PKvRNS0_15__upcast_resultE
                0x0000000008027b20       0x18 /home/tetesting/st/stm32cubeide_1.5.0/plugins/com.st.stm32cube.ide.mcu.externaltools.gnu-tools-for-stm32.7-2018-q2-update.linux64_1.5.0.202011040924/tools/bin/../lib/gcc/arm-none-eabi/7.3.1/../../../../arm-none-eabi/lib/thumb/v7e-m/fpv4-sp/hard/libstdc++.a(class_type_info.o)
                0x0000000008027b20                __cxxabiv1::__class_type_info::__do_upcast(__cxxabiv1::__class_type_info const*, void const*, __cxxabiv1::__class_type_info::__upcast_result&) const
 .text._ZNK10__cxxabiv117__class_type_info10__do_catchEPKSt9type_infoPPvj